../Core/Src/main.c:77:6:HAL_ADC_ConvCpltCallback	16	static
../Core/Src/main.c:85:6:send_adc_data_over_usb	32	static
../Core/Src/main.c:96:6:Process_Buffer	24	static
../Core/Src/main.c:119:6:Process_Received_Data	16	static
../Core/Src/main.c:149:5:main	8	static
../Core/Src/main.c:214:6:SystemClock_Config	88	static
../Core/Src/main.c:262:13:MX_ADC1_Init	24	static
../Core/Src/main.c:365:13:MX_I2C1_Init	8	static
../Core/Src/main.c:397:13:MX_DMA_Init	16	static
../Core/Src/main.c:415:13:MX_GPIO_Init	40	static
../Core/Src/main.c:455:6:Error_Handler	4	static,ignoring_inline_asm
