../Core/Src/main.c:101:6:Reset_All_PCF8574	24	static
../Core/Src/main.c:118:6:Reset_Matrix	16	static
../Core/Src/main.c:127:6:Print_Matrix_USB	160	static
../Core/Src/main.c:144:19:I2C_IsDeviceReady	16	static
../Core/Src/main.c:150:6:Send_ADC_USB	48	static
../Core/Src/main.c:181:6:Process_Byte	64	static
../Core/Src/main.c:241:7:Calculate_Average_Frequency	16	static
../Core/Src/main.c:251:6:Update_I2C_Outputs	32	static
../Core/Src/main.c:281:6:HAL_ADC_ConvCpltCallback	96	static
../Core/Src/main.c:334:5:main	8	static
../Core/Src/main.c:418:6:SystemClock_Config	88	static
../Core/Src/main.c:466:13:MX_ADC1_Init	24	static
../Core/Src/main.c:576:13:MX_ADC2_Init	24	static
../Core/Src/main.c:623:13:MX_I2C1_Init	8	static
../Core/Src/main.c:657:13:MX_TIM3_Init	32	static
../Core/Src/main.c:700:13:MX_DMA_Init	16	static
../Core/Src/main.c:718:13:MX_GPIO_Init	40	static
../Core/Src/main.c:758:6:Error_Handler	4	static,ignoring_inline_asm
