Archive member included to satisfy reference by file (symbol)

E:/Programas/STM32CubeIDE_1.13.1/STM32CubeIDE/plugins/com.st.stm32cube.ide.mcu.externaltools.gnu-tools-for-stm32.11.3.rel1.win32_1.1.0.202305231506/tools/bin/../lib/gcc/arm-none-eabi/11.3.1/../../../../arm-none-eabi/lib/thumb/v7-m/nofp\libc_nano.a(libc_a-exit.o)
                              E:/Programas/STM32CubeIDE_1.13.1/STM32CubeIDE/plugins/com.st.stm32cube.ide.mcu.externaltools.gnu-tools-for-stm32.11.3.rel1.win32_1.1.0.202305231506/tools/bin/../lib/gcc/arm-none-eabi/11.3.1/../../../../arm-none-eabi/lib/thumb/v7-m/nofp/crt0.o (exit)
E:/Programas/STM32CubeIDE_1.13.1/STM32CubeIDE/plugins/com.st.stm32cube.ide.mcu.externaltools.gnu-tools-for-stm32.11.3.rel1.win32_1.1.0.202305231506/tools/bin/../lib/gcc/arm-none-eabi/11.3.1/../../../../arm-none-eabi/lib/thumb/v7-m/nofp\libc_nano.a(libc_a-findfp.o)
                              E:/Programas/STM32CubeIDE_1.13.1/STM32CubeIDE/plugins/com.st.stm32cube.ide.mcu.externaltools.gnu-tools-for-stm32.11.3.rel1.win32_1.1.0.202305231506/tools/bin/../lib/gcc/arm-none-eabi/11.3.1/../../../../arm-none-eabi/lib/thumb/v7-m/nofp\libc_nano.a(libc_a-exit.o) (__stdio_exit_handler)
E:/Programas/STM32CubeIDE_1.13.1/STM32CubeIDE/plugins/com.st.stm32cube.ide.mcu.externaltools.gnu-tools-for-stm32.11.3.rel1.win32_1.1.0.202305231506/tools/bin/../lib/gcc/arm-none-eabi/11.3.1/../../../../arm-none-eabi/lib/thumb/v7-m/nofp\libc_nano.a(libc_a-fwalk.o)
                              E:/Programas/STM32CubeIDE_1.13.1/STM32CubeIDE/plugins/com.st.stm32cube.ide.mcu.externaltools.gnu-tools-for-stm32.11.3.rel1.win32_1.1.0.202305231506/tools/bin/../lib/gcc/arm-none-eabi/11.3.1/../../../../arm-none-eabi/lib/thumb/v7-m/nofp\libc_nano.a(libc_a-findfp.o) (_fwalk_sglue)
E:/Programas/STM32CubeIDE_1.13.1/STM32CubeIDE/plugins/com.st.stm32cube.ide.mcu.externaltools.gnu-tools-for-stm32.11.3.rel1.win32_1.1.0.202305231506/tools/bin/../lib/gcc/arm-none-eabi/11.3.1/../../../../arm-none-eabi/lib/thumb/v7-m/nofp\libc_nano.a(libc_a-stdio.o)
                              E:/Programas/STM32CubeIDE_1.13.1/STM32CubeIDE/plugins/com.st.stm32cube.ide.mcu.externaltools.gnu-tools-for-stm32.11.3.rel1.win32_1.1.0.202305231506/tools/bin/../lib/gcc/arm-none-eabi/11.3.1/../../../../arm-none-eabi/lib/thumb/v7-m/nofp\libc_nano.a(libc_a-findfp.o) (__sread)
E:/Programas/STM32CubeIDE_1.13.1/STM32CubeIDE/plugins/com.st.stm32cube.ide.mcu.externaltools.gnu-tools-for-stm32.11.3.rel1.win32_1.1.0.202305231506/tools/bin/../lib/gcc/arm-none-eabi/11.3.1/../../../../arm-none-eabi/lib/thumb/v7-m/nofp\libc_nano.a(libc_a-memset.o)
                              E:/Programas/STM32CubeIDE_1.13.1/STM32CubeIDE/plugins/com.st.stm32cube.ide.mcu.externaltools.gnu-tools-for-stm32.11.3.rel1.win32_1.1.0.202305231506/tools/bin/../lib/gcc/arm-none-eabi/11.3.1/../../../../arm-none-eabi/lib/thumb/v7-m/nofp/crt0.o (memset)
E:/Programas/STM32CubeIDE_1.13.1/STM32CubeIDE/plugins/com.st.stm32cube.ide.mcu.externaltools.gnu-tools-for-stm32.11.3.rel1.win32_1.1.0.202305231506/tools/bin/../lib/gcc/arm-none-eabi/11.3.1/../../../../arm-none-eabi/lib/thumb/v7-m/nofp\libc_nano.a(libc_a-strncmp.o)
                              ./Core/Src/main.o (strncmp)
E:/Programas/STM32CubeIDE_1.13.1/STM32CubeIDE/plugins/com.st.stm32cube.ide.mcu.externaltools.gnu-tools-for-stm32.11.3.rel1.win32_1.1.0.202305231506/tools/bin/../lib/gcc/arm-none-eabi/11.3.1/../../../../arm-none-eabi/lib/thumb/v7-m/nofp\libc_nano.a(libc_a-closer.o)
                              E:/Programas/STM32CubeIDE_1.13.1/STM32CubeIDE/plugins/com.st.stm32cube.ide.mcu.externaltools.gnu-tools-for-stm32.11.3.rel1.win32_1.1.0.202305231506/tools/bin/../lib/gcc/arm-none-eabi/11.3.1/../../../../arm-none-eabi/lib/thumb/v7-m/nofp\libc_nano.a(libc_a-stdio.o) (_close_r)
E:/Programas/STM32CubeIDE_1.13.1/STM32CubeIDE/plugins/com.st.stm32cube.ide.mcu.externaltools.gnu-tools-for-stm32.11.3.rel1.win32_1.1.0.202305231506/tools/bin/../lib/gcc/arm-none-eabi/11.3.1/../../../../arm-none-eabi/lib/thumb/v7-m/nofp\libc_nano.a(libc_a-reent.o)
                              E:/Programas/STM32CubeIDE_1.13.1/STM32CubeIDE/plugins/com.st.stm32cube.ide.mcu.externaltools.gnu-tools-for-stm32.11.3.rel1.win32_1.1.0.202305231506/tools/bin/../lib/gcc/arm-none-eabi/11.3.1/../../../../arm-none-eabi/lib/thumb/v7-m/nofp\libc_nano.a(libc_a-closer.o) (errno)
E:/Programas/STM32CubeIDE_1.13.1/STM32CubeIDE/plugins/com.st.stm32cube.ide.mcu.externaltools.gnu-tools-for-stm32.11.3.rel1.win32_1.1.0.202305231506/tools/bin/../lib/gcc/arm-none-eabi/11.3.1/../../../../arm-none-eabi/lib/thumb/v7-m/nofp\libc_nano.a(libc_a-impure.o)
                              E:/Programas/STM32CubeIDE_1.13.1/STM32CubeIDE/plugins/com.st.stm32cube.ide.mcu.externaltools.gnu-tools-for-stm32.11.3.rel1.win32_1.1.0.202305231506/tools/bin/../lib/gcc/arm-none-eabi/11.3.1/../../../../arm-none-eabi/lib/thumb/v7-m/nofp\libc_nano.a(libc_a-reent.o) (_impure_ptr)
[...]
Memory Configuration

Name             Origin             Length             Attributes
RAM              0x0000000020000000 0x0000000000005000 xrw
FLASH            0x0000000008000000 0x0000000000010000 xr
*default*        0x0000000000000000 0xffffffffffffffff

Linker script and memory map

LOAD E:/Programas/STM32CubeIDE_1.13.1/STM32CubeIDE/plugins/com.st.stm32cube.ide.mcu.externaltools.gnu-tools-for-stm32.11.3.rel1.win32_1.1.0.202305231506/tools/bin/../lib/gcc/arm-none-eabi/11.3.1/thumb/v7-m/nofp/crti.o
LOAD E:/Programas/STM32CubeIDE_1.13.1/STM32CubeIDE/plugins/com.st.stm32cube.ide.mcu.externaltools.gnu-tools-for-stm32.11.3.rel1.win32_1.1.0.202305231506/tools/bin/../lib/gcc/arm-none-eabi/11.3.1/thumb/v7-m/nofp/crtbegin.o
LOAD E:/Programas/STM32CubeIDE_1.13.1/STM32CubeIDE/plugins/com.st.stm32cube.ide.mcu.externaltools.gnu-tools-for-stm32.11.3.rel1.win32_1.1.0.202305231506/tools/bin/../lib/gcc/arm-none-eabi/11.3.1/../../../../arm-none-eabi/lib/thumb/v7-m/nofp/crt0.o
LOAD ./Core/Src/main.o
LOAD ./Core/Src/stm32f1xx_hal_msp.o
LOAD ./Core/Src/stm32f1xx_it.o
LOAD ./Core/Src/syscalls.o
LOAD ./Core/Src/sysmem.o
LOAD ./Core/Src/system_stm32f1xx.o
LOAD ./Core/Startup/startup_stm32f103c8tx.o
LOAD ./Drivers/STM32F1xx_HAL_Driver/Src/stm32f1xx_hal.o
LOAD ./Drivers/STM32F1xx_HAL_Driver/Src/stm32f1xx_hal_adc.o
LOAD ./Drivers/STM32F1xx_HAL_Driver/Src/stm32f1xx_hal_adc_ex.o
LOAD ./Drivers/STM32F1xx_HAL_Driver/Src/stm32f1xx_hal_cortex.o
LOAD ./Drivers/STM32F1xx_HAL_Driver/Src/stm32f1xx_hal_dma.o
LOAD ./Drivers/STM32F1xx_HAL_Driver/Src/stm32f1xx_hal_exti.o
LOAD ./Drivers/STM32F1xx_HAL_Driver/Src/stm32f1xx_hal_flash.o
LOAD ./Drivers/STM32F1xx_HAL_Driver/Src/stm32f1xx_hal_flash_ex.o
LOAD ./Drivers/STM32F1xx_HAL_Driver/Src/stm32f1xx_hal_gpio.o
LOAD ./Drivers/STM32F1xx_HAL_Driver/Src/stm32f1xx_hal_gpio_ex.o
LOAD ./Drivers/STM32F1xx_HAL_Driver/Src/stm32f1xx_hal_i2c.o
LOAD ./Drivers/STM32F1xx_HAL_Driver/Src/stm32f1xx_hal_pcd.o
LOAD ./Drivers/STM32F1xx_HAL_Driver/Src/stm32f1xx_hal_pcd_ex.o
LOAD ./Drivers/STM32F1xx_HAL_Driver/Src/stm32f1xx_hal_pwr.o
LOAD ./Drivers/STM32F1xx_HAL_Driver/Src/stm32f1xx_hal_rcc.o
LOAD ./Drivers/STM32F1xx_HAL_Driver/Src/stm32f1xx_hal_rcc_ex.o
LOAD ./Drivers/STM32F1xx_HAL_Driver/Src/stm32f1xx_hal_tim.o
LOAD ./Drivers/STM32F1xx_HAL_Driver/Src/stm32f1xx_hal_tim_ex.o
LOAD ./Drivers/STM32F1xx_HAL_Driver/Src/stm32f1xx_ll_usb.o
LOAD ./Middlewares/ST/STM32_USB_Device_Library/Class/CDC/Src/usbd_cdc.o
LOAD ./Middlewares/ST/STM32_USB_Device_Library/Core/Src/usbd_core.o
LOAD ./Middlewares/ST/STM32_USB_Device_Library/Core/Src/usbd_ctlreq.o
LOAD ./Middlewares/ST/STM32_USB_Device_Library/Core/Src/usbd_ioreq.o
LOAD ./USB_DEVICE/App/usb_device.o
LOAD ./USB_DEVICE/App/usbd_cdc_if.o
LOAD ./USB_DEVICE/App/usbd_desc.o
LOAD ./USB_DEVICE/Target/usbd_conf.o
START GROUP
LOAD E:/Programas/STM32CubeIDE_1.13.1/STM32CubeIDE/plugins/com.st.stm32cube.ide.mcu.externaltools.gnu-tools-for-stm32.11.3.rel1.win32_1.1.0.202305231506/tools/bin/../lib/gcc/arm-none-eabi/11.3.1/../../../../arm-none-eabi/lib/thumb/v7-m/nofp\libc_nano.a
LOAD E:/Programas/STM32CubeIDE_1.13.1/STM32CubeIDE/plugins/com.st.stm32cube.ide.mcu.externaltools.gnu-tools-for-stm32.11.3.rel1.win32_1.1.0.202305231506/tools/bin/../lib/gcc/arm-none-eabi/11.3.1/../../../../arm-none-eabi/lib/thumb/v7-m/nofp\libm.a
END GROUP
START GROUP
LOAD E:/Programas/STM32CubeIDE_1.13.1/STM32CubeIDE/plugins/com.st.stm32cube.ide.mcu.externaltools.gnu-tools-for-stm32.11.3.rel1.win32_1.1.0.202305231506/tools/bin/../lib/gcc/arm-none-eabi/11.3.1/thumb/v7-m/nofp\libgcc.a
LOAD E:/Programas/STM32CubeIDE_1.13.1/STM32CubeIDE/plugins/com.st.stm32cube.ide.mcu.externaltools.gnu-tools-for-stm32.11.3.rel1.win32_1.1.0.202305231506/tools/bin/../lib/gcc/arm-none-eabi/11.3.1/../../../../arm-none-eabi/lib/thumb/v7-m/nofp\libc_nano.a
END GROUP
START GROUP
LOAD E:/Programas/STM32CubeIDE_1.13.1/STM32CubeIDE/plugins/com.st.stm32cube.ide.mcu.externaltools.gnu-tools-for-stm32.11.3.rel1.win32_1.1.0.202305231506/tools/bin/../lib/gcc/arm-none-eabi/11.3.1/thumb/v7-m/nofp\libgcc.a
LOAD E:/Programas/STM32CubeIDE_1.13.1/STM32CubeIDE/plugins/com.st.stm32cube.ide.mcu.externaltools.gnu-tools-for-stm32.11.3.rel1.win32_1.1.0.202305231506/tools/bin/../lib/gcc/arm-none-eabi/11.3.1/../../../../arm-none-eabi/lib/thumb/v7-m/nofp\libc_nano.a
LOAD E:/Programas/STM32CubeIDE_1.13.1/STM32CubeIDE/plugins/com.st.stm32cube.ide.mcu.externaltools.gnu-tools-for-stm32.11.3.rel1.win32_1.1.0.202305231506/tools/bin/../lib/gcc/arm-none-eabi/11.3.1/../../../../arm-none-eabi/lib/thumb/v7-m/nofp\libnosys.a
END GROUP
START GROUP
LOAD E:/Programas/STM32CubeIDE_1.13.1/STM32CubeIDE/plugins/com.st.stm32cube.ide.mcu.externaltools.gnu-tools-for-stm32.11.3.rel1.win32_1.1.0.202305231506/tools/bin/../lib/gcc/arm-none-eabi/11.3.1/thumb/v7-m/nofp\libgcc.a
LOAD E:/Programas/STM32CubeIDE_1.13.1/STM32CubeIDE/plugins/com.st.stm32cube.ide.mcu.externaltools.gnu-tools-for-stm32.11.3.rel1.win32_1.1.0.202305231506/tools/bin/../lib/gcc/arm-none-eabi/11.3.1/../../../../arm-none-eabi/lib/thumb/v7-m/nofp\libc_nano.a
LOAD E:/Programas/STM32CubeIDE_1.13.1/STM32CubeIDE/plugins/com.st.stm32cube.ide.mcu.externaltools.gnu-tools-for-stm32.11.3.rel1.win32_1.1.0.202305231506/tools/bin/../lib/gcc/arm-none-eabi/11.3.1/../../../../arm-none-eabi/lib/thumb/v7-m/nofp\libnosys.a
END GROUP
LOAD E:/Programas/STM32CubeIDE_1.13.1/STM32CubeIDE/plugins/com.st.stm32cube.ide.mcu.externaltools.gnu-tools-for-stm32.11.3.rel1.win32_1.1.0.202305231506/tools/bin/../lib/gcc/arm-none-eabi/11.3.1/thumb/v7-m/nofp/crtend.o
LOAD E:/Programas/STM32CubeIDE_1.13.1/STM32CubeIDE/plugins/com.st.stm32cube.ide.mcu.externaltools.gnu-tools-for-stm32.11.3.rel1.win32_1.1.0.202305231506/tools/bin/../lib/gcc/arm-none-eabi/11.3.1/thumb/v7-m/nofp/crtn.o
                0x0000000020005000                _estack = (ORIGIN (RAM) + LENGTH (RAM))
                0x0000000000000200                _Min_Heap_Size = 0x200
                0x0000000000000400                _Min_Stack_Size = 0x400

.isr_vector     0x0000000008000000      0x10c
                0x0000000008000000                . = ALIGN (0x4)
 *(.isr_vector)
 .isr_vector    0x0000000008000000      0x10c ./Core/Startup/startup_stm32f103c8tx.o
                0x0000000008000000                g_pfnVectors
                0x000000000800010c                . = ALIGN (0x4)

.text           0x000000000800010c     0x893c
                0x000000000800010c                . = ALIGN (0x4)
 *(.text)
 .text          0x000000000800010c       0x40 E:/Programas/STM32CubeIDE_1.13.1/STM32CubeIDE/plugins/com.st.stm32cube.ide.mcu.externaltools.gnu-tools-for-stm32.11.3.rel1.win32_1.1.0.202305231506/tools/bin/../lib/gcc/arm-none-eabi/11.3.1/thumb/v7-m/nofp/crtbegin.o
 .text          0x000000000800014c       0x10 E:/Programas/STM32CubeIDE_1.13.1/STM32CubeIDE/plugins/com.st.stm32cube.ide.mcu.externaltools.gnu-tools-for-stm32.11.3.rel1.win32_1.1.0.202305231506/tools/bin/../lib/gcc/arm-none-eabi/11.3.1/../../../../arm-none-eabi/lib/thumb/v7-m/nofp\libc_nano.a(libc_a-strlen.o)
                0x000000000800014c                strlen
 *(.text*)
 .text.HAL_ADC_ConvCpltCallback
                0x000000000800015c       0x2c ./Core/Src/main.o
                0x000000000800015c                HAL_ADC_ConvCpltCallback
 .text.Process_Buffer
                0x0000000008000188       0xb4 ./Core/Src/main.o
                0x0000000008000188                Process_Buffer
 .text.Process_Received_Data
                0x000000000800023c       0xac ./Core/Src/main.o
                0x000000000800023c                Process_Received_Data
 .text.main     0x00000000080002e8       0x70 ./Core/Src/main.o
                0x00000000080002e8                main
 .text.SystemClock_Config
                0x0000000008000358       0xbc ./Core/Src/main.o
                0x0000000008000358                SystemClock_Config
 .text.MX_ADC1_Init
                0x0000000008000414      0x128 ./Core/Src/main.o
 .text.MX_I2C1_Init
                0x000000000800053c       0x5c ./Core/Src/main.o
 .text.MX_DMA_Init
                0x0000000008000598       0x3c ./Core/Src/main.o
 .text.MX_GPIO_Init
                0x00000000080005d4       0xcc ./Core/Src/main.o
 .text.Error_Handler
                0x00000000080006a0        0xa ./Core/Src/main.o
                0x00000000080006a0                Error_Handler
 *fill*         0x00000000080006aa        0x2 
 .text.HAL_MspInit
                0x00000000080006ac       0x5c ./Core/Src/stm32f1xx_hal_msp.o
                0x00000000080006ac                HAL_MspInit
 .text.HAL_ADC_MspInit
                0x0000000008000708      0x104 ./Core/Src/stm32f1xx_hal_msp.o
                0x0000000008000708                HAL_ADC_MspInit
 .text.HAL_I2C_MspInit
                0x000000000800080c       0x7c ./Core/Src/stm32f1xx_hal_msp.o
                0x000000000800080c                HAL_I2C_MspInit
 .text.NMI_Handler
                0x0000000008000888        0x6 ./Core/Src/stm32f1xx_it.o
                0x0000000008000888                NMI_Handler
 .text.HardFault_Handler
                0x000000000800088e        0x6 ./Core/Src/stm32f1xx_it.o
                0x000000000800088e                HardFault_Handler
 .text.MemManage_Handler
                0x0000000008000894        0x6 ./Core/Src/stm32f1xx_it.o
                0x0000000008000894                MemManage_Handler
 .text.BusFault_Handler
                0x000000000800089a        0x6 ./Core/Src/stm32f1xx_it.o
                0x000000000800089a                BusFault_Handler
 .text.UsageFault_Handler
                0x00000000080008a0        0x6 ./Core/Src/stm32f1xx_it.o
                0x00000000080008a0                UsageFault_Handler
 .text.SVC_Handler
                0x00000000080008a6        0xc ./Core/Src/stm32f1xx_it.o
                0x00000000080008a6                SVC_Handler
 .text.DebugMon_Handler
                0x00000000080008b2        0xc ./Core/Src/stm32f1xx_it.o
                0x00000000080008b2                DebugMon_Handler
 .text.PendSV_Handler
                0x00000000080008be        0xc ./Core/Src/stm32f1xx_it.o
                0x00000000080008be                PendSV_Handler
 .text.SysTick_Handler
                0x00000000080008ca        0xc ./Core/Src/stm32f1xx_it.o
                0x00000000080008ca                SysTick_Handler
 *fill*         0x00000000080008d6        0x2 
 .text.DMA1_Channel1_IRQHandler
                0x00000000080008d8       0x14 ./Core/Src/stm32f1xx_it.o
                0x00000000080008d8                DMA1_Channel1_IRQHandler
 .text.USB_LP_CAN1_RX0_IRQHandler
                0x00000000080008ec       0x14 ./Core/Src/stm32f1xx_it.o
                0x00000000080008ec                USB_LP_CAN1_RX0_IRQHandler
 .text.SystemInit
                0x0000000008000900        0xc ./Core/Src/system_stm32f1xx.o
                0x0000000008000900                SystemInit
 .text.Reset_Handler
                0x000000000800090c       0x48 ./Core/Startup/startup_stm32f103c8tx.o
                0x000000000800090c                Reset_Handler
 .text.Default_Handler
                0x0000000008000954        0x2 ./Core/Startup/startup_stm32f103c8tx.o
                0x0000000008000954                RTC_Alarm_IRQHandler
                0x0000000008000954                EXTI2_IRQHandler
                0x0000000008000954                TIM1_CC_IRQHandler
                0x0000000008000954                PVD_IRQHandler
                0x0000000008000954                EXTI3_IRQHandler
                0x0000000008000954                EXTI0_IRQHandler
                0x0000000008000954                I2C2_EV_IRQHandler
                0x0000000008000954                ADC1_2_IRQHandler
                0x0000000008000954                SPI1_IRQHandler
                0x0000000008000954                TAMPER_IRQHandler
                0x0000000008000954                DMA1_Channel4_IRQHandler
                0x0000000008000954                USART3_IRQHandler
                0x0000000008000954                RTC_IRQHandler
                0x0000000008000954                DMA1_Channel7_IRQHandler
                0x0000000008000954                CAN1_RX1_IRQHandler
                0x0000000008000954                TIM4_IRQHandler
                0x0000000008000954                I2C1_EV_IRQHandler
                0x0000000008000954                DMA1_Channel6_IRQHandler
                0x0000000008000954                TIM3_IRQHandler
                0x0000000008000954                RCC_IRQHandler
                0x0000000008000954                TIM1_TRG_COM_IRQHandler
                0x0000000008000954                Default_Handler
                0x0000000008000954                EXTI15_10_IRQHandler
                0x0000000008000954                EXTI9_5_IRQHandler
                0x0000000008000954                SPI2_IRQHandler
                0x0000000008000954                DMA1_Channel5_IRQHandler
                0x0000000008000954                EXTI4_IRQHandler
                0x0000000008000954                USB_HP_CAN1_TX_IRQHandler
                0x0000000008000954                DMA1_Channel3_IRQHandler
                0x0000000008000954                TIM1_UP_IRQHandler
                0x0000000008000954                WWDG_IRQHandler
                0x0000000008000954                TIM2_IRQHandler
                0x0000000008000954                TIM1_BRK_IRQHandler
                0x0000000008000954                EXTI1_IRQHandler
                0x0000000008000954                USART2_IRQHandler
                0x0000000008000954                I2C2_ER_IRQHandler
                0x0000000008000954                DMA1_Channel2_IRQHandler
                0x0000000008000954                CAN1_SCE_IRQHandler
                0x0000000008000954                FLASH_IRQHandler
                0x0000000008000954                USART1_IRQHandler
                0x0000000008000954                I2C1_ER_IRQHandler
                0x0000000008000954                USBWakeUp_IRQHandler
 *fill*         0x0000000008000956        0x2 
 .text.HAL_Init
                0x0000000008000958       0x2c ./Drivers/STM32F1xx_HAL_Driver/Src/stm32f1xx_hal.o
                0x0000000008000958                HAL_Init
 .text.HAL_InitTick
                0x0000000008000984       0x60 ./Drivers/STM32F1xx_HAL_Driver/Src/stm32f1xx_hal.o
                0x0000000008000984                HAL_InitTick
 .text.HAL_IncTick
                0x00000000080009e4       0x24 ./Drivers/STM32F1xx_HAL_Driver/Src/stm32f1xx_hal.o
                0x00000000080009e4                HAL_IncTick
 .text.HAL_GetTick
                0x0000000008000a08       0x14 ./Drivers/STM32F1xx_HAL_Driver/Src/stm32f1xx_hal.o
                0x0000000008000a08                HAL_GetTick
 .text.HAL_Delay
                0x0000000008000a1c       0x48 ./Drivers/STM32F1xx_HAL_Driver/Src/stm32f1xx_hal.o
                0x0000000008000a1c                HAL_Delay
 .text.HAL_ADC_Init
                0x0000000008000a64      0x1b0 ./Drivers/STM32F1xx_HAL_Driver/Src/stm32f1xx_hal_adc.o
                0x0000000008000a64                HAL_ADC_Init
 .text.HAL_ADC_Start_DMA
                0x0000000008000c14      0x1bc ./Drivers/STM32F1xx_HAL_Driver/Src/stm32f1xx_hal_adc.o
                0x0000000008000c14                HAL_ADC_Start_DMA
 .text.HAL_ADC_ConvHalfCpltCallback
                0x0000000008000dd0       0x12 ./Drivers/STM32F1xx_HAL_Driver/Src/stm32f1xx_hal_adc.o
                0x0000000008000dd0                HAL_ADC_ConvHalfCpltCallback
 .text.HAL_ADC_ErrorCallback
                0x0000000008000de2       0x12 ./Drivers/STM32F1xx_HAL_Driver/Src/stm32f1xx_hal_adc.o
                0x0000000008000de2                HAL_ADC_ErrorCallback
 .text.HAL_ADC_ConfigChannel
                0x0000000008000df4      0x1f0 ./Drivers/STM32F1xx_HAL_Driver/Src/stm32f1xx_hal_adc.o
                0x0000000008000df4                HAL_ADC_ConfigChannel
 .text.ADC_Enable
                0x0000000008000fe4       0xb4 ./Drivers/STM32F1xx_HAL_Driver/Src/stm32f1xx_hal_adc.o
                0x0000000008000fe4                ADC_Enable
 .text.ADC_ConversionStop_Disable
                0x0000000008001098       0x82 ./Drivers/STM32F1xx_HAL_Driver/Src/stm32f1xx_hal_adc.o
                0x0000000008001098                ADC_ConversionStop_Disable
 .text.ADC_DMAConvCplt
                0x000000000800111a       0x7c ./Drivers/STM32F1xx_HAL_Driver/Src/stm32f1xx_hal_adc.o
                0x000000000800111a                ADC_DMAConvCplt
 .text.ADC_DMAHalfConvCplt
                0x0000000008001196       0x1c ./Drivers/STM32F1xx_HAL_Driver/Src/stm32f1xx_hal_adc.o
                0x0000000008001196                ADC_DMAHalfConvCplt
 .text.ADC_DMAError
                0x00000000080011b2       0x34 ./Drivers/STM32F1xx_HAL_Driver/Src/stm32f1xx_hal_adc.o
                0x00000000080011b2                ADC_DMAError
 *fill*         0x00000000080011e6        0x2 
 .text.__NVIC_SetPriorityGrouping
                0x00000000080011e8       0x48 ./Drivers/STM32F1xx_HAL_Driver/Src/stm32f1xx_hal_cortex.o
 .text.__NVIC_GetPriorityGrouping
                0x0000000008001230       0x1c ./Drivers/STM32F1xx_HAL_Driver/Src/stm32f1xx_hal_cortex.o
 .text.__NVIC_EnableIRQ
                0x000000000800124c       0x38 ./Drivers/STM32F1xx_HAL_Driver/Src/stm32f1xx_hal_cortex.o
 .text.__NVIC_SetPriority
                0x0000000008001284       0x54 ./Drivers/STM32F1xx_HAL_Driver/Src/stm32f1xx_hal_cortex.o
 .text.NVIC_EncodePriority
                0x00000000080012d8       0x64 ./Drivers/STM32F1xx_HAL_Driver/Src/stm32f1xx_hal_cortex.o
 .text.SysTick_Config
                0x000000000800133c       0x44 ./Drivers/STM32F1xx_HAL_Driver/Src/stm32f1xx_hal_cortex.o
 .text.HAL_NVIC_SetPriorityGrouping
                0x0000000008001380       0x16 ./Drivers/STM32F1xx_HAL_Driver/Src/stm32f1xx_hal_cortex.o
                0x0000000008001380                HAL_NVIC_SetPriorityGrouping
 .text.HAL_NVIC_SetPriority
                0x0000000008001396       0x38 ./Drivers/STM32F1xx_HAL_Driver/Src/stm32f1xx_hal_cortex.o
                0x0000000008001396                HAL_NVIC_SetPriority
 .text.HAL_NVIC_EnableIRQ
                0x00000000080013ce       0x1c ./Drivers/STM32F1xx_HAL_Driver/Src/stm32f1xx_hal_cortex.o
                0x00000000080013ce                HAL_NVIC_EnableIRQ
 .text.HAL_SYSTICK_Config
                0x00000000080013ea       0x18 ./Drivers/STM32F1xx_HAL_Driver/Src/stm32f1xx_hal_cortex.o
                0x00000000080013ea                HAL_SYSTICK_Config
 *fill*         0x0000000008001402        0x2 
 .text.HAL_DMA_Init
                0x0000000008001404       0xb4 ./Drivers/STM32F1xx_HAL_Driver/Src/stm32f1xx_hal_dma.o
                0x0000000008001404                HAL_DMA_Init
 .text.HAL_DMA_Start_IT
                0x00000000080014b8       0xc0 ./Drivers/STM32F1xx_HAL_Driver/Src/stm32f1xx_hal_dma.o
                0x00000000080014b8                HAL_DMA_Start_IT
 .text.HAL_DMA_IRQHandler
                0x0000000008001578      0x20c ./Drivers/STM32F1xx_HAL_Driver/Src/stm32f1xx_hal_dma.o
                0x0000000008001578                HAL_DMA_IRQHandler
 .text.DMA_SetConfig
                0x0000000008001784       0x5a ./Drivers/STM32F1xx_HAL_Driver/Src/stm32f1xx_hal_dma.o
 *fill*         0x00000000080017de        0x2 
 .text.HAL_GPIO_Init
                0x00000000080017e0      0x308 ./Drivers/STM32F1xx_HAL_Driver/Src/stm32f1xx_hal_gpio.o
                0x00000000080017e0                HAL_GPIO_Init
 .text.HAL_GPIO_WritePin
                0x0000000008001ae8       0x30 ./Drivers/STM32F1xx_HAL_Driver/Src/stm32f1xx_hal_gpio.o
                0x0000000008001ae8                HAL_GPIO_WritePin
 .text.HAL_GPIO_TogglePin
                0x0000000008001b18       0x32 ./Drivers/STM32F1xx_HAL_Driver/Src/stm32f1xx_hal_gpio.o
                0x0000000008001b18                HAL_GPIO_TogglePin
 *fill*         0x0000000008001b4a        0x2 
 .text.HAL_I2C_Init
                0x0000000008001b4c      0x288 ./Drivers/STM32F1xx_HAL_Driver/Src/stm32f1xx_hal_i2c.o
                0x0000000008001b4c                HAL_I2C_Init
 .text.HAL_PCD_Init
                0x0000000008001dd4      0x1fe ./Drivers/STM32F1xx_HAL_Driver/Src/stm32f1xx_hal_pcd.o
                0x0000000008001dd4                HAL_PCD_Init
 .text.HAL_PCD_Start
                0x0000000008001fd2       0x4c ./Drivers/STM32F1xx_HAL_Driver/Src/stm32f1xx_hal_pcd.o
                0x0000000008001fd2                HAL_PCD_Start
 .text.HAL_PCD_IRQHandler
                0x000000000800201e      0x260 ./Drivers/STM32F1xx_HAL_Driver/Src/stm32f1xx_hal_pcd.o
                0x000000000800201e                HAL_PCD_IRQHandler
 .text.HAL_PCD_SetAddress
                0x000000000800227e       0x4a ./Drivers/STM32F1xx_HAL_Driver/Src/stm32f1xx_hal_pcd.o
                0x000000000800227e                HAL_PCD_SetAddress
 .text.HAL_PCD_EP_Open
                0x00000000080022c8       0xba ./Drivers/STM32F1xx_HAL_Driver/Src/stm32f1xx_hal_pcd.o
                0x00000000080022c8                HAL_PCD_EP_Open
 .text.HAL_PCD_EP_Close
                0x0000000008002382       0x90 ./Drivers/STM32F1xx_HAL_Driver/Src/stm32f1xx_hal_pcd.o
                0x0000000008002382                HAL_PCD_EP_Close
 .text.HAL_PCD_EP_Receive
                0x0000000008002412       0x62 ./Drivers/STM32F1xx_HAL_Driver/Src/stm32f1xx_hal_pcd.o
                0x0000000008002412                HAL_PCD_EP_Receive
 .text.HAL_PCD_EP_GetRxCount
                0x0000000008002474       0x2e ./Drivers/STM32F1xx_HAL_Driver/Src/stm32f1xx_hal_pcd.o
                0x0000000008002474                HAL_PCD_EP_GetRxCount
 .text.HAL_PCD_EP_Transmit
                0x00000000080024a2       0x6e ./Drivers/STM32F1xx_HAL_Driver/Src/stm32f1xx_hal_pcd.o
                0x00000000080024a2                HAL_PCD_EP_Transmit
 .text.HAL_PCD_EP_SetStall
                0x0000000008002510       0xc0 ./Drivers/STM32F1xx_HAL_Driver/Src/stm32f1xx_hal_pcd.o
                0x0000000008002510                HAL_PCD_EP_SetStall
 .text.HAL_PCD_EP_ClrStall
                0x00000000080025d0       0xa8 ./Drivers/STM32F1xx_HAL_Driver/Src/stm32f1xx_hal_pcd.o
                0x00000000080025d0                HAL_PCD_EP_ClrStall
 .text.PCD_EP_ISR_Handler
                0x0000000008002678      0x7a6 ./Drivers/STM32F1xx_HAL_Driver/Src/stm32f1xx_hal_pcd.o
 .text.HAL_PCD_EP_DB_Receive
                0x0000000008002e1e      0x21a ./Drivers/STM32F1xx_HAL_Driver/Src/stm32f1xx_hal_pcd.o
 .text.HAL_PCD_EP_DB_Transmit
                0x0000000008003038      0x7f4 ./Drivers/STM32F1xx_HAL_Driver/Src/stm32f1xx_hal_pcd.o
 .text.HAL_PCDEx_PMAConfig
                0x000000000800382c       0x84 ./Drivers/STM32F1xx_HAL_Driver/Src/stm32f1xx_hal_pcd_ex.o
                0x000000000800382c                HAL_PCDEx_PMAConfig
 .text.HAL_RCC_OscConfig
                0x00000000080038b0      0x504 ./Drivers/STM32F1xx_HAL_Driver/Src/stm32f1xx_hal_rcc.o
                0x00000000080038b0                HAL_RCC_OscConfig
 .text.HAL_RCC_ClockConfig
                0x0000000008003db4      0x1d4 ./Drivers/STM32F1xx_HAL_Driver/Src/stm32f1xx_hal_rcc.o
                0x0000000008003db4                HAL_RCC_ClockConfig
 .text.HAL_RCC_GetSysClockFreq
                0x0000000008003f88       0xa8 ./Drivers/STM32F1xx_HAL_Driver/Src/stm32f1xx_hal_rcc.o
                0x0000000008003f88                HAL_RCC_GetSysClockFreq
 .text.HAL_RCC_GetHCLKFreq
                0x0000000008004030       0x14 ./Drivers/STM32F1xx_HAL_Driver/Src/stm32f1xx_hal_rcc.o
                0x0000000008004030                HAL_RCC_GetHCLKFreq
 .text.HAL_RCC_GetPCLK1Freq
                0x0000000008004044       0x28 ./Drivers/STM32F1xx_HAL_Driver/Src/stm32f1xx_hal_rcc.o
                0x0000000008004044                HAL_RCC_GetPCLK1Freq
 .text.RCC_Delay
                0x000000000800406c       0x3c ./Drivers/STM32F1xx_HAL_Driver/Src/stm32f1xx_hal_rcc.o
 .text.HAL_RCCEx_PeriphCLKConfig
                0x00000000080040a8      0x16c ./Drivers/STM32F1xx_HAL_Driver/Src/stm32f1xx_hal_rcc_ex.o
                0x00000000080040a8                HAL_RCCEx_PeriphCLKConfig
 .text.USB_CoreInit
                0x0000000008004214       0x20 ./Drivers/STM32F1xx_HAL_Driver/Src/stm32f1xx_ll_usb.o
                0x0000000008004214                USB_CoreInit
 .text.USB_EnableGlobalInt
                0x0000000008004234       0x2c ./Drivers/STM32F1xx_HAL_Driver/Src/stm32f1xx_ll_usb.o
                0x0000000008004234                USB_EnableGlobalInt
 .text.USB_DisableGlobalInt
                0x0000000008004260       0x34 ./Drivers/STM32F1xx_HAL_Driver/Src/stm32f1xx_ll_usb.o
                0x0000000008004260                USB_DisableGlobalInt
 .text.USB_SetCurrentMode
                0x0000000008004294       0x18 ./Drivers/STM32F1xx_HAL_Driver/Src/stm32f1xx_ll_usb.o
                0x0000000008004294                USB_SetCurrentMode
 .text.USB_DevInit
                0x00000000080042ac       0x40 ./Drivers/STM32F1xx_HAL_Driver/Src/stm32f1xx_ll_usb.o
                0x00000000080042ac                USB_DevInit
 .text.USB_ActivateEndpoint
                0x00000000080042ec      0x780 ./Drivers/STM32F1xx_HAL_Driver/Src/stm32f1xx_ll_usb.o
                0x00000000080042ec                USB_ActivateEndpoint
 .text.USB_DeactivateEndpoint
                0x0000000008004a6c      0x3d8 ./Drivers/STM32F1xx_HAL_Driver/Src/stm32f1xx_ll_usb.o
                0x0000000008004a6c                USB_DeactivateEndpoint
 .text.USB_EPStartXfer
                0x0000000008004e44     0x1762 ./Drivers/STM32F1xx_HAL_Driver/Src/stm32f1xx_ll_usb.o
                0x0000000008004e44                USB_EPStartXfer
 .text.USB_EPSetStall
                0x00000000080065a6       0xa0 ./Drivers/STM32F1xx_HAL_Driver/Src/stm32f1xx_ll_usb.o
                0x00000000080065a6                USB_EPSetStall
 .text.USB_EPClearStall
                0x0000000008006646      0x15a ./Drivers/STM32F1xx_HAL_Driver/Src/stm32f1xx_ll_usb.o
                0x0000000008006646                USB_EPClearStall
 .text.USB_SetDevAddress
                0x00000000080067a0       0x26 ./Drivers/STM32F1xx_HAL_Driver/Src/stm32f1xx_ll_usb.o
                0x00000000080067a0                USB_SetDevAddress
 .text.USB_DevConnect
                0x00000000080067c6       0x14 ./Drivers/STM32F1xx_HAL_Driver/Src/stm32f1xx_ll_usb.o
                0x00000000080067c6                USB_DevConnect
 .text.USB_DevDisconnect
                0x00000000080067da       0x14 ./Drivers/STM32F1xx_HAL_Driver/Src/stm32f1xx_ll_usb.o
                0x00000000080067da                USB_DevDisconnect
 .text.USB_ReadInterrupts
                0x00000000080067ee       0x1e ./Drivers/STM32F1xx_HAL_Driver/Src/stm32f1xx_ll_usb.o
                0x00000000080067ee                USB_ReadInterrupts
 .text.USB_EP0_OutStart
                0x000000000800680c       0x16 ./Drivers/STM32F1xx_HAL_Driver/Src/stm32f1xx_ll_usb.o
                0x000000000800680c                USB_EP0_OutStart
 .text.USB_WritePMA
                0x0000000008006822       0x8a ./Drivers/STM32F1xx_HAL_Driver/Src/stm32f1xx_ll_usb.o
                0x0000000008006822                USB_WritePMA
 .text.USB_ReadPMA
                0x00000000080068ac       0x9e ./Drivers/STM32F1xx_HAL_Driver/Src/stm32f1xx_ll_usb.o
                0x00000000080068ac                USB_ReadPMA
 .text.USBD_CDC_Init
                0x000000000800694a       0xf4 ./Middlewares/ST/STM32_USB_Device_Library/Class/CDC/Src/usbd_cdc.o
 .text.USBD_CDC_DeInit
                0x0000000008006a3e       0x6e ./Middlewares/ST/STM32_USB_Device_Library/Class/CDC/Src/usbd_cdc.o
 .text.USBD_CDC_Setup
                0x0000000008006aac      0x146 ./Middlewares/ST/STM32_USB_Device_Library/Class/CDC/Src/usbd_cdc.o
 .text.USBD_CDC_DataIn
                0x0000000008006bf2       0xa6 ./Middlewares/ST/STM32_USB_Device_Library/Class/CDC/Src/usbd_cdc.o
 .text.USBD_CDC_DataOut
                0x0000000008006c98       0x56 ./Middlewares/ST/STM32_USB_Device_Library/Class/CDC/Src/usbd_cdc.o
 .text.USBD_CDC_EP0_RxReady
                0x0000000008006cee       0x50 ./Middlewares/ST/STM32_USB_Device_Library/Class/CDC/Src/usbd_cdc.o
 *fill*         0x0000000008006d3e        0x2 
 .text.USBD_CDC_GetFSCfgDesc
                0x0000000008006d40       0x20 ./Middlewares/ST/STM32_USB_Device_Library/Class/CDC/Src/usbd_cdc.o
 .text.USBD_CDC_GetHSCfgDesc
                0x0000000008006d60       0x20 ./Middlewares/ST/STM32_USB_Device_Library/Class/CDC/Src/usbd_cdc.o
 .text.USBD_CDC_GetOtherSpeedCfgDesc
                0x0000000008006d80       0x20 ./Middlewares/ST/STM32_USB_Device_Library/Class/CDC/Src/usbd_cdc.o
 .text.USBD_CDC_GetDeviceQualifierDescriptor
                0x0000000008006da0       0x20 ./Middlewares/ST/STM32_USB_Device_Library/Class/CDC/Src/usbd_cdc.o
                0x0000000008006da0                USBD_CDC_GetDeviceQualifierDescriptor
 .text.USBD_CDC_RegisterInterface
                0x0000000008006dc0       0x2c ./Middlewares/ST/STM32_USB_Device_Library/Class/CDC/Src/usbd_cdc.o
                0x0000000008006dc0                USBD_CDC_RegisterInterface
 .text.USBD_CDC_SetTxBuffer
                0x0000000008006dec       0x32 ./Middlewares/ST/STM32_USB_Device_Library/Class/CDC/Src/usbd_cdc.o
                0x0000000008006dec                USBD_CDC_SetTxBuffer
 .text.USBD_CDC_SetRxBuffer
                0x0000000008006e1e       0x26 ./Middlewares/ST/STM32_USB_Device_Library/Class/CDC/Src/usbd_cdc.o
                0x0000000008006e1e                USBD_CDC_SetRxBuffer
 .text.USBD_CDC_TransmitPacket
                0x0000000008006e44       0x5e ./Middlewares/ST/STM32_USB_Device_Library/Class/CDC/Src/usbd_cdc.o
                0x0000000008006e44                USBD_CDC_TransmitPacket
 .text.USBD_CDC_ReceivePacket
                0x0000000008006ea2       0x54 ./Middlewares/ST/STM32_USB_Device_Library/Class/CDC/Src/usbd_cdc.o
                0x0000000008006ea2                USBD_CDC_ReceivePacket
 .text.USBD_Init
                0x0000000008006ef6       0x56 ./Middlewares/ST/STM32_USB_Device_Library/Core/Src/usbd_core.o
                0x0000000008006ef6                USBD_Init
 .text.USBD_RegisterClass
                0x0000000008006f4c       0x32 ./Middlewares/ST/STM32_USB_Device_Library/Core/Src/usbd_core.o
                0x0000000008006f4c                USBD_RegisterClass
 .text.USBD_Start
                0x0000000008006f7e       0x18 ./Middlewares/ST/STM32_USB_Device_Library/Core/Src/usbd_core.o
                0x0000000008006f7e                USBD_Start
 .text.USBD_RunTestMode
                0x0000000008006f96       0x14 ./Middlewares/ST/STM32_USB_Device_Library/Core/Src/usbd_core.o
                0x0000000008006f96                USBD_RunTestMode
 .text.USBD_SetClassConfig
                0x0000000008006faa       0x3e ./Middlewares/ST/STM32_USB_Device_Library/Core/Src/usbd_core.o
                0x0000000008006faa                USBD_SetClassConfig
 .text.USBD_ClrClassConfig
                0x0000000008006fe8       0x26 ./Middlewares/ST/STM32_USB_Device_Library/Core/Src/usbd_core.o
                0x0000000008006fe8                USBD_ClrClassConfig
 .text.USBD_LL_SetupStage
                0x000000000800700e       0x9a ./Middlewares/ST/STM32_USB_Device_Library/Core/Src/usbd_core.o
                0x000000000800700e                USBD_LL_SetupStage
 .text.USBD_LL_DataOutStage
                0x00000000080070a8       0xe2 ./Middlewares/ST/STM32_USB_Device_Library/Core/Src/usbd_core.o
                0x00000000080070a8                USBD_LL_DataOutStage
 .text.USBD_LL_DataInStage
                0x000000000800718a      0x14a ./Middlewares/ST/STM32_USB_Device_Library/Core/Src/usbd_core.o
                0x000000000800718a                USBD_LL_DataInStage
 .text.USBD_LL_Reset
                0x00000000080072d4       0x82 ./Middlewares/ST/STM32_USB_Device_Library/Core/Src/usbd_core.o
                0x00000000080072d4                USBD_LL_Reset
 .text.USBD_LL_SetSpeed
                0x0000000008007356       0x1e ./Middlewares/ST/STM32_USB_Device_Library/Core/Src/usbd_core.o
                0x0000000008007356                USBD_LL_SetSpeed
 .text.USBD_LL_Suspend
                0x0000000008007374       0x28 ./Middlewares/ST/STM32_USB_Device_Library/Core/Src/usbd_core.o
                0x0000000008007374                USBD_LL_Suspend
 .text.USBD_LL_Resume
                0x000000000800739c       0x2a ./Middlewares/ST/STM32_USB_Device_Library/Core/Src/usbd_core.o
                0x000000000800739c                USBD_LL_Resume
 .text.USBD_LL_SOF
                0x00000000080073c6       0x34 ./Middlewares/ST/STM32_USB_Device_Library/Core/Src/usbd_core.o
                0x00000000080073c6                USBD_LL_SOF
 *fill*         0x00000000080073fa        0x2 
 .text.USBD_StdDevReq
                0x00000000080073fc       0xd4 ./Middlewares/ST/STM32_USB_Device_Library/Core/Src/usbd_ctlreq.o
                0x00000000080073fc                USBD_StdDevReq
 .text.USBD_StdItfReq
                0x00000000080074d0       0x90 ./Middlewares/ST/STM32_USB_Device_Library/Core/Src/usbd_ctlreq.o
                0x00000000080074d0                USBD_StdItfReq
 .text.USBD_StdEPReq
                0x0000000008007560      0x2c6 ./Middlewares/ST/STM32_USB_Device_Library/Core/Src/usbd_ctlreq.o
                0x0000000008007560                USBD_StdEPReq
 *fill*         0x0000000008007826        0x2 
 .text.USBD_GetDescriptor
                0x0000000008007828      0x2d0 ./Middlewares/ST/STM32_USB_Device_Library/Core/Src/usbd_ctlreq.o
 .text.USBD_SetAddress
                0x0000000008007af8       0x86 ./Middlewares/ST/STM32_USB_Device_Library/Core/Src/usbd_ctlreq.o
 *fill*         0x0000000008007b7e        0x2 
 .text.USBD_SetConfig
                0x0000000008007b80      0x11c ./Middlewares/ST/STM32_USB_Device_Library/Core/Src/usbd_ctlreq.o
 .text.USBD_GetConfig
                0x0000000008007c9c       0x6a ./Middlewares/ST/STM32_USB_Device_Library/Core/Src/usbd_ctlreq.o
 .text.USBD_GetStatus
                0x0000000008007d06       0x66 ./Middlewares/ST/STM32_USB_Device_Library/Core/Src/usbd_ctlreq.o
 .text.USBD_SetFeature
                0x0000000008007d6c       0x28 ./Middlewares/ST/STM32_USB_Device_Library/Core/Src/usbd_ctlreq.o
 .text.USBD_ClrFeature
                0x0000000008007d94       0x42 ./Middlewares/ST/STM32_USB_Device_Library/Core/Src/usbd_ctlreq.o
 .text.USBD_ParseSetupRequest
                0x0000000008007dd6       0x78 ./Middlewares/ST/STM32_USB_Device_Library/Core/Src/usbd_ctlreq.o
                0x0000000008007dd6                USBD_ParseSetupRequest
 .text.USBD_CtlError
                0x0000000008007e4e       0x22 ./Middlewares/ST/STM32_USB_Device_Library/Core/Src/usbd_ctlreq.o
                0x0000000008007e4e                USBD_CtlError
 .text.USBD_GetString
                0x0000000008007e70       0x84 ./Middlewares/ST/STM32_USB_Device_Library/Core/Src/usbd_ctlreq.o
                0x0000000008007e70                USBD_GetString
 .text.USBD_GetLen
                0x0000000008007ef4       0x2e ./Middlewares/ST/STM32_USB_Device_Library/Core/Src/usbd_ctlreq.o
 .text.USBD_CtlSendData
                0x0000000008007f22       0x38 ./Middlewares/ST/STM32_USB_Device_Library/Core/Src/usbd_ioreq.o
                0x0000000008007f22                USBD_CtlSendData
 .text.USBD_CtlContinueSendData
                0x0000000008007f5a       0x24 ./Middlewares/ST/STM32_USB_Device_Library/Core/Src/usbd_ioreq.o
                0x0000000008007f5a                USBD_CtlContinueSendData
 .text.USBD_CtlPrepareRx
                0x0000000008007f7e       0x3c ./Middlewares/ST/STM32_USB_Device_Library/Core/Src/usbd_ioreq.o
                0x0000000008007f7e                USBD_CtlPrepareRx
 .text.USBD_CtlContinueRx
                0x0000000008007fba       0x24 ./Middlewares/ST/STM32_USB_Device_Library/Core/Src/usbd_ioreq.o
                0x0000000008007fba                USBD_CtlContinueRx
 .text.USBD_CtlSendStatus
                0x0000000008007fde       0x26 ./Middlewares/ST/STM32_USB_Device_Library/Core/Src/usbd_ioreq.o
                0x0000000008007fde                USBD_CtlSendStatus
 .text.USBD_CtlReceiveStatus
                0x0000000008008004       0x26 ./Middlewares/ST/STM32_USB_Device_Library/Core/Src/usbd_ioreq.o
                0x0000000008008004                USBD_CtlReceiveStatus
 *fill*         0x000000000800802a        0x2 
 .text.MX_USB_DEVICE_Init
                0x000000000800802c       0x60 ./USB_DEVICE/App/usb_device.o
                0x000000000800802c                MX_USB_DEVICE_Init
 .text.CDC_Init_FS
                0x000000000800808c       0x28 ./USB_DEVICE/App/usbd_cdc_if.o
 .text.CDC_DeInit_FS
                0x00000000080080b4        0xe ./USB_DEVICE/App/usbd_cdc_if.o
 *fill*         0x00000000080080c2        0x2 
 .text.CDC_Control_FS
                0x00000000080080c4       0xbc ./USB_DEVICE/App/usbd_cdc_if.o
 .text.CDC_Receive_FS
                0x0000000008008180       0x5c ./USB_DEVICE/App/usbd_cdc_if.o
 .text.CDC_Transmit_FS
                0x00000000080081dc       0x4c ./USB_DEVICE/App/usbd_cdc_if.o
                0x00000000080081dc                CDC_Transmit_FS
 .text.USBD_FS_DeviceDescriptor
                0x0000000008008228       0x24 ./USB_DEVICE/App/usbd_desc.o
                0x0000000008008228                USBD_FS_DeviceDescriptor
 .text.USBD_FS_LangIDStrDescriptor
                0x000000000800824c       0x24 ./USB_DEVICE/App/usbd_desc.o
                0x000000000800824c                USBD_FS_LangIDStrDescriptor
 .text.USBD_FS_ProductStrDescriptor
                0x0000000008008270       0x3c ./USB_DEVICE/App/usbd_desc.o
                0x0000000008008270                USBD_FS_ProductStrDescriptor
 .text.USBD_FS_ManufacturerStrDescriptor
                0x00000000080082ac       0x28 ./USB_DEVICE/App/usbd_desc.o
                0x00000000080082ac                USBD_FS_ManufacturerStrDescriptor
 .text.USBD_FS_SerialStrDescriptor
                0x00000000080082d4       0x24 ./USB_DEVICE/App/usbd_desc.o
                0x00000000080082d4                USBD_FS_SerialStrDescriptor
 .text.USBD_FS_ConfigStrDescriptor
                0x00000000080082f8       0x3c ./USB_DEVICE/App/usbd_desc.o
                0x00000000080082f8                USBD_FS_ConfigStrDescriptor
 .text.USBD_FS_InterfaceStrDescriptor
                0x0000000008008334       0x3c ./USB_DEVICE/App/usbd_desc.o
                0x0000000008008334                USBD_FS_InterfaceStrDescriptor
 .text.Get_SerialNum
                0x0000000008008370       0x58 ./USB_DEVICE/App/usbd_desc.o
 .text.IntToUnicode
                0x00000000080083c8       0x7c ./USB_DEVICE/App/usbd_desc.o
 .text.HAL_PCD_MspInit
                0x0000000008008444       0x4c ./USB_DEVICE/Target/usbd_conf.o
                0x0000000008008444                HAL_PCD_MspInit
 .text.HAL_PCD_SetupStageCallback
                0x0000000008008490       0x24 ./USB_DEVICE/Target/usbd_conf.o
                0x0000000008008490                HAL_PCD_SetupStageCallback
 .text.HAL_PCD_DataOutStageCallback
                0x00000000080084b4       0x36 ./USB_DEVICE/Target/usbd_conf.o
                0x00000000080084b4                HAL_PCD_DataOutStageCallback
 .text.HAL_PCD_DataInStageCallback
                0x00000000080084ea       0x34 ./USB_DEVICE/Target/usbd_conf.o
                0x00000000080084ea                HAL_PCD_DataInStageCallback
 .text.HAL_PCD_SOFCallback
                0x000000000800851e       0x1c ./USB_DEVICE/Target/usbd_conf.o
                0x000000000800851e                HAL_PCD_SOFCallback
 .text.HAL_PCD_ResetCallback
                0x000000000800853a       0x3c ./USB_DEVICE/Target/usbd_conf.o
                0x000000000800853a                HAL_PCD_ResetCallback
 *fill*         0x0000000008008576        0x2 
 .text.HAL_PCD_SuspendCallback
                0x0000000008008578       0x34 ./USB_DEVICE/Target/usbd_conf.o
                0x0000000008008578                HAL_PCD_SuspendCallback
 .text.HAL_PCD_ResumeCallback
                0x00000000080085ac       0x1c ./USB_DEVICE/Target/usbd_conf.o
                0x00000000080085ac                HAL_PCD_ResumeCallback
 .text.USBD_LL_Init
                0x00000000080085c8       0xb4 ./USB_DEVICE/Target/usbd_conf.o
                0x00000000080085c8                USBD_LL_Init
 .text.USBD_LL_Start
                0x000000000800867c       0x36 ./USB_DEVICE/Target/usbd_conf.o
                0x000000000800867c                USBD_LL_Start
 .text.USBD_LL_OpenEP
                0x00000000080086b2       0x4c ./USB_DEVICE/Target/usbd_conf.o
                0x00000000080086b2                USBD_LL_OpenEP
 .text.USBD_LL_CloseEP
                0x00000000080086fe       0x3e ./USB_DEVICE/Target/usbd_conf.o
                0x00000000080086fe                USBD_LL_CloseEP
 .text.USBD_LL_StallEP
                0x000000000800873c       0x3e ./USB_DEVICE/Target/usbd_conf.o
                0x000000000800873c                USBD_LL_StallEP
 .text.USBD_LL_ClearStallEP
                0x000000000800877a       0x3e ./USB_DEVICE/Target/usbd_conf.o
                0x000000000800877a                USBD_LL_ClearStallEP
 .text.USBD_LL_IsStallEP
                0x00000000080087b8       0x58 ./USB_DEVICE/Target/usbd_conf.o
                0x00000000080087b8                USBD_LL_IsStallEP
 .text.USBD_LL_SetUSBAddress
                0x0000000008008810       0x3e ./USB_DEVICE/Target/usbd_conf.o
                0x0000000008008810                USBD_LL_SetUSBAddress
 .text.USBD_LL_Transmit
                0x000000000800884e       0x46 ./USB_DEVICE/Target/usbd_conf.o
                0x000000000800884e                USBD_LL_Transmit
 .text.USBD_LL_PrepareReceive
                0x0000000008008894       0x46 ./USB_DEVICE/Target/usbd_conf.o
                0x0000000008008894                USBD_LL_PrepareReceive
 .text.USBD_LL_GetRxDataSize
                0x00000000080088da       0x26 ./USB_DEVICE/Target/usbd_conf.o
                0x00000000080088da                USBD_LL_GetRxDataSize
 .text.USBD_static_malloc
                0x0000000008008900       0x18 ./USB_DEVICE/Target/usbd_conf.o
                0x0000000008008900                USBD_static_malloc
 .text.USBD_static_free
                0x0000000008008918       0x12 ./USB_DEVICE/Target/usbd_conf.o
                0x0000000008008918                USBD_static_free
 .text.HAL_PCDEx_SetConnectionState
                0x000000000800892a       0x16 ./USB_DEVICE/Target/usbd_conf.o
                0x000000000800892a                HAL_PCDEx_SetConnectionState
 .text.USBD_Get_USB_Status
                0x0000000008008940       0x58 ./USB_DEVICE/Target/usbd_conf.o
 .text.memset   0x0000000008008998       0x10 E:/Programas/STM32CubeIDE_1.13.1/STM32CubeIDE/plugins/com.st.stm32cube.ide.mcu.externaltools.gnu-tools-for-stm32.11.3.rel1.win32_1.1.0.202305231506/tools/bin/../lib/gcc/arm-none-eabi/11.3.1/../../../../arm-none-eabi/lib/thumb/v7-m/nofp\libc_nano.a(libc_a-memset.o)
                0x0000000008008998                memset
 .text.strncmp  0x00000000080089a8       0x24 E:/Programas/STM32CubeIDE_1.13.1/STM32CubeIDE/plugins/com.st.stm32cube.ide.mcu.externaltools.gnu-tools-for-stm32.11.3.rel1.win32_1.1.0.202305231506/tools/bin/../lib/gcc/arm-none-eabi/11.3.1/../../../../arm-none-eabi/lib/thumb/v7-m/nofp\libc_nano.a(libc_a-strncmp.o)
                0x00000000080089a8                strncmp
 .text.__libc_init_array
                0x00000000080089cc       0x48 E:/Programas/STM32CubeIDE_1.13.1/STM32CubeIDE/plugins/com.st.stm32cube.ide.mcu.externaltools.gnu-tools-for-stm32.11.3.rel1.win32_1.1.0.202305231506/tools/bin/../lib/gcc/arm-none-eabi/11.3.1/../../../../arm-none-eabi/lib/thumb/v7-m/nofp\libc_nano.a(libc_a-init.o)
                0x00000000080089cc                __libc_init_array
 .text.memcpy   0x0000000008008a14       0x1c E:/Programas/STM32CubeIDE_1.13.1/STM32CubeIDE/plugins/com.st.stm32cube.ide.mcu.externaltools.gnu-tools-for-stm32.11.3.rel1.win32_1.1.0.202305231506/tools/bin/../lib/gcc/arm-none-eabi/11.3.1/../../../../arm-none-eabi/lib/thumb/v7-m/nofp\libc_nano.a(libc_a-memcpy-stub.o)
                0x0000000008008a14                memcpy
 *(.glue_7)
 .glue_7        0x0000000008008a30        0x0 linker stubs
 *(.glue_7t)
 .glue_7t       0x0000000008008a30        0x0 linker stubs
 *(.eh_frame)
 .eh_frame      0x0000000008008a30        0x0 E:/Programas/STM32CubeIDE_1.13.1/STM32CubeIDE/plugins/com.st.stm32cube.ide.mcu.externaltools.gnu-tools-for-stm32.11.3.rel1.win32_1.1.0.202305231506/tools/bin/../lib/gcc/arm-none-eabi/11.3.1/thumb/v7-m/nofp/crtbegin.o
 *(.init)
 .init          0x0000000008008a30        0x4 E:/Programas/STM32CubeIDE_1.13.1/STM32CubeIDE/plugins/com.st.stm32cube.ide.mcu.externaltools.gnu-tools-for-stm32.11.3.rel1.win32_1.1.0.202305231506/tools/bin/../lib/gcc/arm-none-eabi/11.3.1/thumb/v7-m/nofp/crti.o
                0x0000000008008a30                _init
 .init          0x0000000008008a34        0x8 E:/Programas/STM32CubeIDE_1.13.1/STM32CubeIDE/plugins/com.st.stm32cube.ide.mcu.externaltools.gnu-tools-for-stm32.11.3.rel1.win32_1.1.0.202305231506/tools/bin/../lib/gcc/arm-none-eabi/11.3.1/thumb/v7-m/nofp/crtn.o
 *(.fini)
 .fini          0x0000000008008a3c        0x4 E:/Programas/STM32CubeIDE_1.13.1/STM32CubeIDE/plugins/com.st.stm32cube.ide.mcu.externaltools.gnu-tools-for-stm32.11.3.rel1.win32_1.1.0.202305231506/tools/bin/../lib/gcc/arm-none-eabi/11.3.1/thumb/v7-m/nofp/crti.o
                0x0000000008008a3c                _fini
 .fini          0x0000000008008a40        0x8 E:/Programas/STM32CubeIDE_1.13.1/STM32CubeIDE/plugins/com.st.stm32cube.ide.mcu.externaltools.gnu-tools-for-stm32.11.3.rel1.win32_1.1.0.202305231506/tools/bin/../lib/gcc/arm-none-eabi/11.3.1/thumb/v7-m/nofp/crtn.o
                0x0000000008008a48                . = ALIGN (0x4)
                0x0000000008008a48                _etext = .

.vfp11_veneer   0x0000000008008a48        0x0
 .vfp11_veneer  0x0000000008008a48        0x0 linker stubs

.v4_bx          0x0000000008008a48        0x0
 .v4_bx         0x0000000008008a48        0x0 linker stubs

.iplt           0x0000000008008a48        0x0
 .iplt          0x0000000008008a48        0x0 E:/Programas/STM32CubeIDE_1.13.1/STM32CubeIDE/plugins/com.st.stm32cube.ide.mcu.externaltools.gnu-tools-for-stm32.11.3.rel1.win32_1.1.0.202305231506/tools/bin/../lib/gcc/arm-none-eabi/11.3.1/thumb/v7-m/nofp/crtbegin.o

.rodata         0x0000000008008a48       0x8c
                0x0000000008008a48                . = ALIGN (0x4)
 *(.rodata)
 .rodata        0x0000000008008a48       0x15 ./Core/Src/main.o
 *fill*         0x0000000008008a5d        0x3 
 .rodata        0x0000000008008a60       0x46 ./USB_DEVICE/App/usbd_desc.o
 *(.rodata*)
 *fill*         0x0000000008008aa6        0x2 
 .rodata.AHBPrescTable
                0x0000000008008aa8       0x10 ./Core/Src/system_stm32f1xx.o
                0x0000000008008aa8                AHBPrescTable
 .rodata.APBPrescTable
                0x0000000008008ab8        0x8 ./Core/Src/system_stm32f1xx.o
                0x0000000008008ab8                APBPrescTable
 .rodata.aPLLMULFactorTable.1
                0x0000000008008ac0       0x10 ./Drivers/STM32F1xx_HAL_Driver/Src/stm32f1xx_hal_rcc.o
 .rodata.aPredivFactorTable.0
                0x0000000008008ad0        0x2 ./Drivers/STM32F1xx_HAL_Driver/Src/stm32f1xx_hal_rcc.o
                0x0000000008008ad4                . = ALIGN (0x4)
 *fill*         0x0000000008008ad2        0x2 

.rel.dyn        0x0000000008008ad4        0x0
 .rel.iplt      0x0000000008008ad4        0x0 E:/Programas/STM32CubeIDE_1.13.1/STM32CubeIDE/plugins/com.st.stm32cube.ide.mcu.externaltools.gnu-tools-for-stm32.11.3.rel1.win32_1.1.0.202305231506/tools/bin/../lib/gcc/arm-none-eabi/11.3.1/thumb/v7-m/nofp/crtbegin.o

.ARM.extab      0x0000000008008ad4        0x0
                0x0000000008008ad4                . = ALIGN (0x4)
 *(.ARM.extab* .gnu.linkonce.armextab.*)
                0x0000000008008ad4                . = ALIGN (0x4)

.ARM            0x0000000008008ad4        0x0
                0x0000000008008ad4                . = ALIGN (0x4)
                0x0000000008008ad4                __exidx_start = .
 *(.ARM.exidx*)
                0x0000000008008ad4                __exidx_end = .
                0x0000000008008ad4                . = ALIGN (0x4)

.preinit_array  0x0000000008008ad4        0x0
                0x0000000008008ad4                . = ALIGN (0x4)
                0x0000000008008ad4                PROVIDE (__preinit_array_start = .)
 *(.preinit_array*)
                0x0000000008008ad4                PROVIDE (__preinit_array_end = .)
                0x0000000008008ad4                . = ALIGN (0x4)

.init_array     0x0000000008008ad4        0x4
                0x0000000008008ad4                . = ALIGN (0x4)
                0x0000000008008ad4                PROVIDE (__init_array_start = .)
 *(SORT_BY_NAME(.init_array.*))
 *(.init_array*)
 .init_array    0x0000000008008ad4        0x4 E:/Programas/STM32CubeIDE_1.13.1/STM32CubeIDE/plugins/com.st.stm32cube.ide.mcu.externaltools.gnu-tools-for-stm32.11.3.rel1.win32_1.1.0.202305231506/tools/bin/../lib/gcc/arm-none-eabi/11.3.1/thumb/v7-m/nofp/crtbegin.o
                0x0000000008008ad8                PROVIDE (__init_array_end = .)
                0x0000000008008ad8                . = ALIGN (0x4)

.fini_array     0x0000000008008ad8        0x4
                0x0000000008008ad8                . = ALIGN (0x4)
                [!provide]                        PROVIDE (__fini_array_start = .)
 *(SORT_BY_NAME(.fini_array.*))
 *(.fini_array*)
 .fini_array    0x0000000008008ad8        0x4 E:/Programas/STM32CubeIDE_1.13.1/STM32CubeIDE/plugins/com.st.stm32cube.ide.mcu.externaltools.gnu-tools-for-stm32.11.3.rel1.win32_1.1.0.202305231506/tools/bin/../lib/gcc/arm-none-eabi/11.3.1/thumb/v7-m/nofp/crtbegin.o
                [!provide]                        PROVIDE (__fini_array_end = .)
                0x0000000008008adc                . = ALIGN (0x4)
                0x0000000008008adc                _sidata = LOADADDR (.data)

.data           0x0000000020000000      0x17c load address 0x0000000008008adc
                0x0000000020000000                . = ALIGN (0x4)
                0x0000000020000000                _sdata = .
 *(.data)
 *(.data*)
 .data.SystemCoreClock
                0x0000000020000000        0x4 ./Core/Src/system_stm32f1xx.o
                0x0000000020000000                SystemCoreClock
 .data.uwTickPrio
                0x0000000020000004        0x4 ./Drivers/STM32F1xx_HAL_Driver/Src/stm32f1xx_hal.o
                0x0000000020000004                uwTickPrio
 .data.uwTickFreq
                0x0000000020000008        0x1 ./Drivers/STM32F1xx_HAL_Driver/Src/stm32f1xx_hal.o
                0x0000000020000008                uwTickFreq
 *fill*         0x0000000020000009        0x3 
 .data.USBD_CDC_DeviceQualifierDesc
                0x000000002000000c        0xa ./Middlewares/ST/STM32_USB_Device_Library/Class/CDC/Src/usbd_cdc.o
 *fill*         0x0000000020000016        0x2 
 .data.USBD_CDC
                0x0000000020000018       0x38 ./Middlewares/ST/STM32_USB_Device_Library/Class/CDC/Src/usbd_cdc.o
                0x0000000020000018                USBD_CDC
 .data.USBD_CDC_CfgHSDesc
                0x0000000020000050       0x43 ./Middlewares/ST/STM32_USB_Device_Library/Class/CDC/Src/usbd_cdc.o
                0x0000000020000050                USBD_CDC_CfgHSDesc
 *fill*         0x0000000020000093        0x1 
 .data.USBD_CDC_CfgFSDesc
                0x0000000020000094       0x43 ./Middlewares/ST/STM32_USB_Device_Library/Class/CDC/Src/usbd_cdc.o
                0x0000000020000094                USBD_CDC_CfgFSDesc
 *fill*         0x00000000200000d7        0x1 
 .data.USBD_CDC_OtherSpeedCfgDesc
                0x00000000200000d8       0x43 ./Middlewares/ST/STM32_USB_Device_Library/Class/CDC/Src/usbd_cdc.o
                0x00000000200000d8                USBD_CDC_OtherSpeedCfgDesc
 *fill*         0x000000002000011b        0x1 
 .data.USBD_Interface_fops_FS
                0x000000002000011c       0x10 ./USB_DEVICE/App/usbd_cdc_if.o
                0x000000002000011c                USBD_Interface_fops_FS
 .data.FS_Desc  0x000000002000012c       0x1c ./USB_DEVICE/App/usbd_desc.o
                0x000000002000012c                FS_Desc
 .data.USBD_FS_DeviceDesc
                0x0000000020000148       0x12 ./USB_DEVICE/App/usbd_desc.o
                0x0000000020000148                USBD_FS_DeviceDesc
 *fill*         0x000000002000015a        0x2 
 .data.USBD_LangIDDesc
                0x000000002000015c        0x4 ./USB_DEVICE/App/usbd_desc.o
                0x000000002000015c                USBD_LangIDDesc
 .data.USBD_StringSerial
                0x0000000020000160       0x1a ./USB_DEVICE/App/usbd_desc.o
                0x0000000020000160                USBD_StringSerial
 *(.RamFunc)
 *(.RamFunc*)
                0x000000002000017c                . = ALIGN (0x4)
 *fill*         0x000000002000017a        0x2 
                0x000000002000017c                _edata = .

.igot.plt       0x000000002000017c        0x0 load address 0x0000000008008c58
 .igot.plt      0x000000002000017c        0x0 E:/Programas/STM32CubeIDE_1.13.1/STM32CubeIDE/plugins/com.st.stm32cube.ide.mcu.externaltools.gnu-tools-for-stm32.11.3.rel1.win32_1.1.0.202305231506/tools/bin/../lib/gcc/arm-none-eabi/11.3.1/thumb/v7-m/nofp/crtbegin.o
                0x000000002000017c                . = ALIGN (0x4)

.bss            0x000000002000017c     0x171c load address 0x0000000008008c58
                0x000000002000017c                _sbss = .
                0x000000002000017c                __bss_start__ = _sbss
 *(.bss)
 .bss           0x000000002000017c       0x1c E:/Programas/STM32CubeIDE_1.13.1/STM32CubeIDE/plugins/com.st.stm32cube.ide.mcu.externaltools.gnu-tools-for-stm32.11.3.rel1.win32_1.1.0.202305231506/tools/bin/../lib/gcc/arm-none-eabi/11.3.1/thumb/v7-m/nofp/crtbegin.o
 *(.bss*)
 .bss.hadc1     0x0000000020000198       0x30 ./Core/Src/main.o
                0x0000000020000198                hadc1
 .bss.hdma_adc1
                0x00000000200001c8       0x44 ./Core/Src/main.o
                0x00000000200001c8                hdma_adc1
 .bss.hi2c1     0x000000002000020c       0x54 ./Core/Src/main.o
                0x000000002000020c                hi2c1
 .bss.buffer    0x0000000020000260       0x40 ./Core/Src/main.o
                0x0000000020000260                buffer
 .bss.full_buffer
                0x00000000200002a0      0x400 ./Core/Src/main.o
                0x00000000200002a0                full_buffer
 .bss.data_received_flag
                0x00000000200006a0        0x1 ./Core/Src/main.o
                0x00000000200006a0                data_received_flag
 .bss.full_received_flag
                0x00000000200006a1        0x1 ./Core/Src/main.o
                0x00000000200006a1                full_received_flag
 .bss.full_buffer_index
                0x00000000200006a2        0x2 ./Core/Src/main.o
                0x00000000200006a2                full_buffer_index
 .bss.receiving_data
                0x00000000200006a4        0x1 ./Core/Src/main.o
                0x00000000200006a4                receiving_data
 *fill*         0x00000000200006a5        0x3 
 .bss.adc_buffer
                0x00000000200006a8       0x10 ./Core/Src/main.o
                0x00000000200006a8                adc_buffer
 .bss.adc_conversion_complete
                0x00000000200006b8        0x1 ./Core/Src/main.o
                0x00000000200006b8                adc_conversion_complete
 .bss.config_complete
                0x00000000200006b9        0x1 ./Core/Src/main.o
                0x00000000200006b9                config_complete
 *fill*         0x00000000200006ba        0x2 
 .bss.uwTick    0x00000000200006bc        0x4 ./Drivers/STM32F1xx_HAL_Driver/Src/stm32f1xx_hal.o
                0x00000000200006bc                uwTick
 .bss.cfgidx.0  0x00000000200006c0        0x1 ./Middlewares/ST/STM32_USB_Device_Library/Core/Src/usbd_ctlreq.o
 *fill*         0x00000000200006c1        0x3 
 .bss.hUsbDeviceFS
                0x00000000200006c4      0x2c4 ./USB_DEVICE/App/usb_device.o
                0x00000000200006c4                hUsbDeviceFS
 .bss.UserRxBufferFS
                0x0000000020000988      0x400 ./USB_DEVICE/App/usbd_cdc_if.o
                0x0000000020000988                UserRxBufferFS
 .bss.UserTxBufferFS
                0x0000000020000d88      0x400 ./USB_DEVICE/App/usbd_cdc_if.o
                0x0000000020000d88                UserTxBufferFS
 .bss.USBD_StrDesc
                0x0000000020001188      0x200 ./USB_DEVICE/App/usbd_desc.o
                0x0000000020001188                USBD_StrDesc
 .bss.hpcd_USB_FS
                0x0000000020001388      0x2f0 ./USB_DEVICE/Target/usbd_conf.o
                0x0000000020001388                hpcd_USB_FS
 .bss.mem.0     0x0000000020001678      0x220 ./USB_DEVICE/Target/usbd_conf.o
 *(COMMON)
                0x0000000020001898                . = ALIGN (0x4)
                0x0000000020001898                _ebss = .
                0x0000000020001898                __bss_end__ = _ebss

._user_heap_stack
                0x0000000020001898      0x600 load address 0x0000000008008c58
                0x0000000020001898                . = ALIGN (0x8)
                [!provide]                        PROVIDE (end = .)
                0x0000000020001898                PROVIDE (_end = .)
                0x0000000020001a98                . = (. + _Min_Heap_Size)
 *fill*         0x0000000020001898      0x200 
                0x0000000020001e98                . = (. + _Min_Stack_Size)
 *fill*         0x0000000020001a98      0x400 
                0x0000000020001e98                . = ALIGN (0x8)

/DISCARD/
 libc.a(*)
 libm.a(*)
 libgcc.a(*)

.ARM.attributes
                0x0000000000000000       0x29
 *(.ARM.attributes)
 .ARM.attributes
                0x0000000000000000       0x1d E:/Programas/STM32CubeIDE_1.13.1/STM32CubeIDE/plugins/com.st.stm32cube.ide.mcu.externaltools.gnu-tools-for-stm32.11.3.rel1.win32_1.1.0.202305231506/tools/bin/../lib/gcc/arm-none-eabi/11.3.1/thumb/v7-m/nofp/crti.o
 .ARM.attributes
                0x000000000000001d       0x2d E:/Programas/STM32CubeIDE_1.13.1/STM32CubeIDE/plugins/com.st.stm32cube.ide.mcu.externaltools.gnu-tools-for-stm32.11.3.rel1.win32_1.1.0.202305231506/tools/bin/../lib/gcc/arm-none-eabi/11.3.1/thumb/v7-m/nofp/crtbegin.o
 .ARM.attributes
                0x000000000000004a       0x2d ./Core/Src/main.o
 .ARM.attributes
                0x0000000000000077       0x2d ./Core/Src/stm32f1xx_hal_msp.o
 .ARM.attributes
                0x00000000000000a4       0x2d ./Core/Src/stm32f1xx_it.o
 .ARM.attributes
                0x00000000000000d1       0x2d ./Core/Src/system_stm32f1xx.o
 .ARM.attributes
                0x00000000000000fe       0x21 ./Core/Startup/startup_stm32f103c8tx.o
 .ARM.attributes
                0x000000000000011f       0x2d ./Drivers/STM32F1xx_HAL_Driver/Src/stm32f1xx_hal.o
 .ARM.attributes
                0x000000000000014c       0x2d ./Drivers/STM32F1xx_HAL_Driver/Src/stm32f1xx_hal_adc.o
 .ARM.attributes
                0x0000000000000179       0x2d ./Drivers/STM32F1xx_HAL_Driver/Src/stm32f1xx_hal_cortex.o
 .ARM.attributes
                0x00000000000001a6       0x2d ./Drivers/STM32F1xx_HAL_Driver/Src/stm32f1xx_hal_dma.o
 .ARM.attributes
                0x00000000000001d3       0x2d ./Drivers/STM32F1xx_HAL_Driver/Src/stm32f1xx_hal_gpio.o
 .ARM.attributes
                0x0000000000000200       0x2d ./Drivers/STM32F1xx_HAL_Driver/Src/stm32f1xx_hal_i2c.o
 .ARM.attributes
                0x000000000000022d       0x2d ./Drivers/STM32F1xx_HAL_Driver/Src/stm32f1xx_hal_pcd.o
 .ARM.attributes
                0x000000000000025a       0x2d ./Drivers/STM32F1xx_HAL_Driver/Src/stm32f1xx_hal_pcd_ex.o
 .ARM.attributes
                0x0000000000000287       0x2d ./Drivers/STM32F1xx_HAL_Driver/Src/stm32f1xx_hal_rcc.o
 .ARM.attributes
                0x00000000000002b4       0x2d ./Drivers/STM32F1xx_HAL_Driver/Src/stm32f1xx_hal_rcc_ex.o
 .ARM.attributes
                0x00000000000002e1       0x2d ./Drivers/STM32F1xx_HAL_Driver/Src/stm32f1xx_ll_usb.o
 .ARM.attributes
                0x000000000000030e       0x2d ./Middlewares/ST/STM32_USB_Device_Library/Class/CDC/Src/usbd_cdc.o
 .ARM.attributes
                0x000000000000033b       0x2d ./Middlewares/ST/STM32_USB_Device_Library/Core/Src/usbd_core.o
 .ARM.attributes
                0x0000000000000368       0x2d ./Middlewares/ST/STM32_USB_Device_Library/Core/Src/usbd_ctlreq.o
 .ARM.attributes
                0x0000000000000395       0x2d ./Middlewares/ST/STM32_USB_Device_Library/Core/Src/usbd_ioreq.o
 .ARM.attributes
                0x00000000000003c2       0x2d ./USB_DEVICE/App/usb_device.o
 .ARM.attributes
                0x00000000000003ef       0x2d ./USB_DEVICE/App/usbd_cdc_if.o
 .ARM.attributes
                0x000000000000041c       0x2d ./USB_DEVICE/App/usbd_desc.o
 .ARM.attributes
                0x0000000000000449       0x2d ./USB_DEVICE/Target/usbd_conf.o
 .ARM.attributes
                0x0000000000000476       0x2d E:/Programas/STM32CubeIDE_1.13.1/STM32CubeIDE/plugins/com.st.stm32cube.ide.mcu.externaltools.gnu-tools-for-stm32.11.3.rel1.win32_1.1.0.202305231506/tools/bin/../lib/gcc/arm-none-eabi/11.3.1/../../../../arm-none-eabi/lib/thumb/v7-m/nofp\libc_nano.a(libc_a-memset.o)
 .ARM.attributes
                0x00000000000004a3       0x2d E:/Programas/STM32CubeIDE_1.13.1/STM32CubeIDE/plugins/com.st.stm32cube.ide.mcu.externaltools.gnu-tools-for-stm32.11.3.rel1.win32_1.1.0.202305231506/tools/bin/../lib/gcc/arm-none-eabi/11.3.1/../../../../arm-none-eabi/lib/thumb/v7-m/nofp\libc_nano.a(libc_a-strncmp.o)
 .ARM.attributes
                0x00000000000004d0       0x2d E:/Programas/STM32CubeIDE_1.13.1/STM32CubeIDE/plugins/com.st.stm32cube.ide.mcu.externaltools.gnu-tools-for-stm32.11.3.rel1.win32_1.1.0.202305231506/tools/bin/../lib/gcc/arm-none-eabi/11.3.1/../../../../arm-none-eabi/lib/thumb/v7-m/nofp\libc_nano.a(libc_a-init.o)
 .ARM.attributes
                0x00000000000004fd       0x2d E:/Programas/STM32CubeIDE_1.13.1/STM32CubeIDE/plugins/com.st.stm32cube.ide.mcu.externaltools.gnu-tools-for-stm32.11.3.rel1.win32_1.1.0.202305231506/tools/bin/../lib/gcc/arm-none-eabi/11.3.1/../../../../arm-none-eabi/lib/thumb/v7-m/nofp\libc_nano.a(libc_a-memcpy-stub.o)
 .ARM.attributes
                0x000000000000052a       0x17 E:/Programas/STM32CubeIDE_1.13.1/STM32CubeIDE/plugins/com.st.stm32cube.ide.mcu.externaltools.gnu-tools-for-stm32.11.3.rel1.win32_1.1.0.202305231506/tools/bin/../lib/gcc/arm-none-eabi/11.3.1/../../../../arm-none-eabi/lib/thumb/v7-m/nofp\libc_nano.a(libc_a-strlen.o)
 .ARM.attributes
                0x0000000000000541       0x1d E:/Programas/STM32CubeIDE_1.13.1/STM32CubeIDE/plugins/com.st.stm32cube.ide.mcu.externaltools.gnu-tools-for-stm32.11.3.rel1.win32_1.1.0.202305231506/tools/bin/../lib/gcc/arm-none-eabi/11.3.1/thumb/v7-m/nofp/crtn.o
OUTPUT(tcc.elf elf32-littlearm)
LOAD linker stubs
LOAD E:/Programas/STM32CubeIDE_1.13.1/STM32CubeIDE/plugins/com.st.stm32cube.ide.mcu.externaltools.gnu-tools-for-stm32.11.3.rel1.win32_1.1.0.202305231506/tools/bin/../lib/gcc/arm-none-eabi/11.3.1/../../../../arm-none-eabi/lib/thumb/v7-m/nofp\libc.a
LOAD E:/Programas/STM32CubeIDE_1.13.1/STM32CubeIDE/plugins/com.st.stm32cube.ide.mcu.externaltools.gnu-tools-for-stm32.11.3.rel1.win32_1.1.0.202305231506/tools/bin/../lib/gcc/arm-none-eabi/11.3.1/../../../../arm-none-eabi/lib/thumb/v7-m/nofp\libm.a
LOAD E:/Programas/STM32CubeIDE_1.13.1/STM32CubeIDE/plugins/com.st.stm32cube.ide.mcu.externaltools.gnu-tools-for-stm32.11.3.rel1.win32_1.1.0.202305231506/tools/bin/../lib/gcc/arm-none-eabi/11.3.1/thumb/v7-m/nofp\libgcc.a

.comment        0x0000000000000000       0x43
 .comment       0x0000000000000000       0x43 E:/Programas/STM32CubeIDE_1.13.1/STM32CubeIDE/plugins/com.st.stm32cube.ide.mcu.externaltools.gnu-tools-for-stm32.11.3.rel1.win32_1.1.0.202305231506/tools/bin/../lib/gcc/arm-none-eabi/11.3.1/thumb/v7-m/nofp/crtbegin.o
                                         0x44 (size before relaxing)
 .comment       0x0000000000000043       0x44 ./Core/Src/main.o
 .comment       0x0000000000000043       0x44 ./Core/Src/stm32f1xx_hal_msp.o
 .comment       0x0000000000000043       0x44 ./Core/Src/stm32f1xx_it.o
 .comment       0x0000000000000043       0x44 ./Core/Src/system_stm32f1xx.o
 .comment       0x0000000000000043       0x44 ./Drivers/STM32F1xx_HAL_Driver/Src/stm32f1xx_hal.o
 .comment       0x0000000000000043       0x44 ./Drivers/STM32F1xx_HAL_Driver/Src/stm32f1xx_hal_adc.o
 .comment       0x0000000000000043       0x44 ./Drivers/STM32F1xx_HAL_Driver/Src/stm32f1xx_hal_cortex.o
 .comment       0x0000000000000043       0x44 ./Drivers/STM32F1xx_HAL_Driver/Src/stm32f1xx_hal_dma.o
 .comment       0x0000000000000043       0x44 ./Drivers/STM32F1xx_HAL_Driver/Src/stm32f1xx_hal_gpio.o
 .comment       0x0000000000000043       0x44 ./Drivers/STM32F1xx_HAL_Driver/Src/stm32f1xx_hal_i2c.o
 .comment       0x0000000000000043       0x44 ./Drivers/STM32F1xx_HAL_Driver/Src/stm32f1xx_hal_pcd.o
 .comment       0x0000000000000043       0x44 ./Drivers/STM32F1xx_HAL_Driver/Src/stm32f1xx_hal_pcd_ex.o
 .comment       0x0000000000000043       0x44 ./Drivers/STM32F1xx_HAL_Driver/Src/stm32f1xx_hal_rcc.o
 .comment       0x0000000000000043       0x44 ./Drivers/STM32F1xx_HAL_Driver/Src/stm32f1xx_hal_rcc_ex.o
 .comment       0x0000000000000043       0x44 ./Drivers/STM32F1xx_HAL_Driver/Src/stm32f1xx_ll_usb.o
 .comment       0x0000000000000043       0x44 ./Middlewares/ST/STM32_USB_Device_Library/Class/CDC/Src/usbd_cdc.o
 .comment       0x0000000000000043       0x44 ./Middlewares/ST/STM32_USB_Device_Library/Core/Src/usbd_core.o
 .comment       0x0000000000000043       0x44 ./Middlewares/ST/STM32_USB_Device_Library/Core/Src/usbd_ctlreq.o
 .comment       0x0000000000000043       0x44 ./Middlewares/ST/STM32_USB_Device_Library/Core/Src/usbd_ioreq.o
 .comment       0x0000000000000043       0x44 ./USB_DEVICE/App/usb_device.o
 .comment       0x0000000000000043       0x44 ./USB_DEVICE/App/usbd_cdc_if.o
 .comment       0x0000000000000043       0x44 ./USB_DEVICE/App/usbd_desc.o
 .comment       0x0000000000000043       0x44 ./USB_DEVICE/Target/usbd_conf.o

.debug_info     0x0000000000000000    0x10d36
 .debug_info    0x0000000000000000     0x11a8 ./Core/Src/main.o
 .debug_info    0x00000000000011a8      0xb72 ./Core/Src/stm32f1xx_hal_msp.o
 .debug_info    0x0000000000001d1a      0x809 ./Core/Src/stm32f1xx_it.o
 .debug_info    0x0000000000002523      0x222 ./Core/Src/system_stm32f1xx.o
 .debug_info    0x0000000000002745       0x23 ./Core/Startup/startup_stm32f103c8tx.o
 .debug_info    0x0000000000002768      0x704 ./Drivers/STM32F1xx_HAL_Driver/Src/stm32f1xx_hal.o
 .debug_info    0x0000000000002e6c      0xc50 ./Drivers/STM32F1xx_HAL_Driver/Src/stm32f1xx_hal_adc.o
 .debug_info    0x0000000000003abc      0xa87 ./Drivers/STM32F1xx_HAL_Driver/Src/stm32f1xx_hal_cortex.o
 .debug_info    0x0000000000004543      0x6d2 ./Drivers/STM32F1xx_HAL_Driver/Src/stm32f1xx_hal_dma.o
 .debug_info    0x0000000000004c15      0x5ab ./Drivers/STM32F1xx_HAL_Driver/Src/stm32f1xx_hal_gpio.o
 .debug_info    0x00000000000051c0     0x2515 ./Drivers/STM32F1xx_HAL_Driver/Src/stm32f1xx_hal_i2c.o
 .debug_info    0x00000000000076d5     0x16cf ./Drivers/STM32F1xx_HAL_Driver/Src/stm32f1xx_hal_pcd.o
 .debug_info    0x0000000000008da4      0x6b6 ./Drivers/STM32F1xx_HAL_Driver/Src/stm32f1xx_hal_pcd_ex.o
 .debug_info    0x000000000000945a      0x7d5 ./Drivers/STM32F1xx_HAL_Driver/Src/stm32f1xx_hal_rcc.o
 .debug_info    0x0000000000009c2f      0x3c0 ./Drivers/STM32F1xx_HAL_Driver/Src/stm32f1xx_hal_rcc_ex.o
 .debug_info    0x0000000000009fef     0x17a2 ./Drivers/STM32F1xx_HAL_Driver/Src/stm32f1xx_ll_usb.o
 .debug_info    0x000000000000b791     0x1036 ./Middlewares/ST/STM32_USB_Device_Library/Class/CDC/Src/usbd_cdc.o
 .debug_info    0x000000000000c7c7      0xa52 ./Middlewares/ST/STM32_USB_Device_Library/Core/Src/usbd_core.o
 .debug_info    0x000000000000d219      0x91c ./Middlewares/ST/STM32_USB_Device_Library/Core/Src/usbd_ctlreq.o
 .debug_info    0x000000000000db35      0x6a0 ./Middlewares/ST/STM32_USB_Device_Library/Core/Src/usbd_ioreq.o
 .debug_info    0x000000000000e1d5      0x63d ./USB_DEVICE/App/usb_device.o
 .debug_info    0x000000000000e812      0x883 ./USB_DEVICE/App/usbd_cdc_if.o
 .debug_info    0x000000000000f095      0x44a ./USB_DEVICE/App/usbd_desc.o
 .debug_info    0x000000000000f4df     0x1857 ./USB_DEVICE/Target/usbd_conf.o

.debug_abbrev   0x0000000000000000     0x321c
 .debug_abbrev  0x0000000000000000      0x2f9 ./Core/Src/main.o
 .debug_abbrev  0x00000000000002f9      0x1e3 ./Core/Src/stm32f1xx_hal_msp.o
 .debug_abbrev  0x00000000000004dc      0x1b4 ./Core/Src/stm32f1xx_it.o
 .debug_abbrev  0x0000000000000690      0x13f ./Core/Src/system_stm32f1xx.o
 .debug_abbrev  0x00000000000007cf       0x12 ./Core/Startup/startup_stm32f103c8tx.o
 .debug_abbrev  0x00000000000007e1      0x201 ./Drivers/STM32F1xx_HAL_Driver/Src/stm32f1xx_hal.o
 .debug_abbrev  0x00000000000009e2      0x225 ./Drivers/STM32F1xx_HAL_Driver/Src/stm32f1xx_hal_adc.o
 .debug_abbrev  0x0000000000000c07      0x2f8 ./Drivers/STM32F1xx_HAL_Driver/Src/stm32f1xx_hal_cortex.o
 .debug_abbrev  0x0000000000000eff      0x20b ./Drivers/STM32F1xx_HAL_Driver/Src/stm32f1xx_hal_dma.o
 .debug_abbrev  0x000000000000110a      0x1ca ./Drivers/STM32F1xx_HAL_Driver/Src/stm32f1xx_hal_gpio.o
 .debug_abbrev  0x00000000000012d4      0x2a3 ./Drivers/STM32F1xx_HAL_Driver/Src/stm32f1xx_hal_i2c.o
 .debug_abbrev  0x0000000000001577      0x2d6 ./Drivers/STM32F1xx_HAL_Driver/Src/stm32f1xx_hal_pcd.o
 .debug_abbrev  0x000000000000184d      0x189 ./Drivers/STM32F1xx_HAL_Driver/Src/stm32f1xx_hal_pcd_ex.o
 .debug_abbrev  0x00000000000019d6      0x2b3 ./Drivers/STM32F1xx_HAL_Driver/Src/stm32f1xx_hal_rcc.o
 .debug_abbrev  0x0000000000001c89      0x188 ./Drivers/STM32F1xx_HAL_Driver/Src/stm32f1xx_hal_rcc_ex.o
 .debug_abbrev  0x0000000000001e11      0x1de ./Drivers/STM32F1xx_HAL_Driver/Src/stm32f1xx_ll_usb.o
 .debug_abbrev  0x0000000000001fef      0x2d3 ./Middlewares/ST/STM32_USB_Device_Library/Class/CDC/Src/usbd_cdc.o
 .debug_abbrev  0x00000000000022c2      0x24a ./Middlewares/ST/STM32_USB_Device_Library/Core/Src/usbd_core.o
 .debug_abbrev  0x000000000000250c      0x26b ./Middlewares/ST/STM32_USB_Device_Library/Core/Src/usbd_ctlreq.o
 .debug_abbrev  0x0000000000002777      0x192 ./Middlewares/ST/STM32_USB_Device_Library/Core/Src/usbd_ioreq.o
 .debug_abbrev  0x0000000000002909      0x18d ./USB_DEVICE/App/usb_device.o
 .debug_abbrev  0x0000000000002a96      0x271 ./USB_DEVICE/App/usbd_cdc_if.o
 .debug_abbrev  0x0000000000002d07      0x1ff ./USB_DEVICE/App/usbd_desc.o
 .debug_abbrev  0x0000000000002f06      0x316 ./USB_DEVICE/Target/usbd_conf.o

.debug_aranges  0x0000000000000000      0xee8
 .debug_aranges
                0x0000000000000000       0x70 ./Core/Src/main.o
 .debug_aranges
                0x0000000000000070       0x40 ./Core/Src/stm32f1xx_hal_msp.o
 .debug_aranges
                0x00000000000000b0       0x70 ./Core/Src/stm32f1xx_it.o
 .debug_aranges
                0x0000000000000120       0x28 ./Core/Src/system_stm32f1xx.o
 .debug_aranges
                0x0000000000000148       0x28 ./Core/Startup/startup_stm32f103c8tx.o
 .debug_aranges
                0x0000000000000170       0xe0 ./Drivers/STM32F1xx_HAL_Driver/Src/stm32f1xx_hal.o
 .debug_aranges
                0x0000000000000250       0xf0 ./Drivers/STM32F1xx_HAL_Driver/Src/stm32f1xx_hal_adc.o
 .debug_aranges
                0x0000000000000340      0x100 ./Drivers/STM32F1xx_HAL_Driver/Src/stm32f1xx_hal_cortex.o
 .debug_aranges
                0x0000000000000440       0x80 ./Drivers/STM32F1xx_HAL_Driver/Src/stm32f1xx_hal_dma.o
 .debug_aranges
                0x00000000000004c0       0x58 ./Drivers/STM32F1xx_HAL_Driver/Src/stm32f1xx_hal_gpio.o
 .debug_aranges
                0x0000000000000518      0x2a8 ./Drivers/STM32F1xx_HAL_Driver/Src/stm32f1xx_hal_i2c.o
 .debug_aranges
                0x00000000000007c0      0x140 ./Drivers/STM32F1xx_HAL_Driver/Src/stm32f1xx_hal_pcd.o
 .debug_aranges
                0x0000000000000900       0x38 ./Drivers/STM32F1xx_HAL_Driver/Src/stm32f1xx_hal_pcd_ex.o
 .debug_aranges
                0x0000000000000938       0x90 ./Drivers/STM32F1xx_HAL_Driver/Src/stm32f1xx_hal_rcc.o
 .debug_aranges
                0x00000000000009c8       0x30 ./Drivers/STM32F1xx_HAL_Driver/Src/stm32f1xx_hal_rcc_ex.o
 .debug_aranges
                0x00000000000009f8       0xf8 ./Drivers/STM32F1xx_HAL_Driver/Src/stm32f1xx_ll_usb.o
 .debug_aranges
                0x0000000000000af0       0x90 ./Middlewares/ST/STM32_USB_Device_Library/Class/CDC/Src/usbd_cdc.o
 .debug_aranges
                0x0000000000000b80       0xb8 ./Middlewares/ST/STM32_USB_Device_Library/Core/Src/usbd_core.o
 .debug_aranges
                0x0000000000000c38       0x88 ./Middlewares/ST/STM32_USB_Device_Library/Core/Src/usbd_ctlreq.o
 .debug_aranges
                0x0000000000000cc0       0x50 ./Middlewares/ST/STM32_USB_Device_Library/Core/Src/usbd_ioreq.o
 .debug_aranges
                0x0000000000000d10       0x20 ./USB_DEVICE/App/usb_device.o
 .debug_aranges
                0x0000000000000d30       0x40 ./USB_DEVICE/App/usbd_cdc_if.o
 .debug_aranges
                0x0000000000000d70       0x60 ./USB_DEVICE/App/usbd_desc.o
 .debug_aranges
                0x0000000000000dd0      0x118 ./USB_DEVICE/Target/usbd_conf.o

.debug_rnglists
                0x0000000000000000      0xb41
 .debug_rnglists
                0x0000000000000000       0x54 ./Core/Src/main.o
 .debug_rnglists
                0x0000000000000054       0x2c ./Core/Src/stm32f1xx_hal_msp.o
 .debug_rnglists
                0x0000000000000080       0x4f ./Core/Src/stm32f1xx_it.o
 .debug_rnglists
                0x00000000000000cf       0x1a ./Core/Src/system_stm32f1xx.o
 .debug_rnglists
                0x00000000000000e9       0x19 ./Core/Startup/startup_stm32f103c8tx.o
 .debug_rnglists
                0x0000000000000102       0xa3 ./Drivers/STM32F1xx_HAL_Driver/Src/stm32f1xx_hal.o
 .debug_rnglists
                0x00000000000001a5       0xbc ./Drivers/STM32F1xx_HAL_Driver/Src/stm32f1xx_hal_adc.o
 .debug_rnglists
                0x0000000000000261       0xbb ./Drivers/STM32F1xx_HAL_Driver/Src/stm32f1xx_hal_cortex.o
 .debug_rnglists
                0x000000000000031c       0x64 ./Drivers/STM32F1xx_HAL_Driver/Src/stm32f1xx_hal_dma.o
 .debug_rnglists
                0x0000000000000380       0x3f ./Drivers/STM32F1xx_HAL_Driver/Src/stm32f1xx_hal_gpio.o
 .debug_rnglists
                0x00000000000003bf      0x23c ./Drivers/STM32F1xx_HAL_Driver/Src/stm32f1xx_hal_i2c.o
 .debug_rnglists
                0x00000000000005fb       0xf4 ./Drivers/STM32F1xx_HAL_Driver/Src/stm32f1xx_hal_pcd.o
 .debug_rnglists
                0x00000000000006ef       0x26 ./Drivers/STM32F1xx_HAL_Driver/Src/stm32f1xx_hal_pcd_ex.o
 .debug_rnglists
                0x0000000000000715       0x6c ./Drivers/STM32F1xx_HAL_Driver/Src/stm32f1xx_hal_rcc.o
 .debug_rnglists
                0x0000000000000781       0x21 ./Drivers/STM32F1xx_HAL_Driver/Src/stm32f1xx_hal_rcc_ex.o
 .debug_rnglists
                0x00000000000007a2       0xbd ./Drivers/STM32F1xx_HAL_Driver/Src/stm32f1xx_ll_usb.o
 .debug_rnglists
                0x000000000000085f       0x6a ./Middlewares/ST/STM32_USB_Device_Library/Class/CDC/Src/usbd_cdc.o
 .debug_rnglists
                0x00000000000008c9       0x89 ./Middlewares/ST/STM32_USB_Device_Library/Core/Src/usbd_core.o
 .debug_rnglists
                0x0000000000000952       0x68 ./Middlewares/ST/STM32_USB_Device_Library/Core/Src/usbd_ctlreq.o
 .debug_rnglists
                0x00000000000009ba       0x37 ./Middlewares/ST/STM32_USB_Device_Library/Core/Src/usbd_ioreq.o
 .debug_rnglists
                0x00000000000009f1       0x13 ./USB_DEVICE/App/usb_device.o
 .debug_rnglists
                0x0000000000000a04       0x2c ./USB_DEVICE/App/usbd_cdc_if.o
 .debug_rnglists
                0x0000000000000a30       0x43 ./USB_DEVICE/App/usbd_desc.o
 .debug_rnglists
                0x0000000000000a73       0xce ./USB_DEVICE/Target/usbd_conf.o

.debug_macro    0x0000000000000000    0x1a166
 .debug_macro   0x0000000000000000      0x395 ./Core/Src/main.o
 .debug_macro   0x0000000000000395      0xa9c ./Core/Src/main.o
 .debug_macro   0x0000000000000e31      0x227 ./Core/Src/main.o
 .debug_macro   0x0000000000001058       0x2e ./Core/Src/main.o
 .debug_macro   0x0000000000001086       0x22 ./Core/Src/main.o
 .debug_macro   0x00000000000010a8       0x22 ./Core/Src/main.o
 .debug_macro   0x00000000000010ca       0x8e ./Core/Src/main.o
 .debug_macro   0x0000000000001158       0x51 ./Core/Src/main.o
 .debug_macro   0x00000000000011a9      0x103 ./Core/Src/main.o
 .debug_macro   0x00000000000012ac       0x6a ./Core/Src/main.o
 .debug_macro   0x0000000000001316      0x1df ./Core/Src/main.o
 .debug_macro   0x00000000000014f5       0x1c ./Core/Src/main.o
 .debug_macro   0x0000000000001511       0x22 ./Core/Src/main.o
 .debug_macro   0x0000000000001533       0xbd ./Core/Src/main.o
 .debug_macro   0x00000000000015f0      0xd23 ./Core/Src/main.o
 .debug_macro   0x0000000000002313     0xe09e ./Core/Src/main.o
 .debug_macro   0x00000000000103b1       0x6d ./Core/Src/main.o
 .debug_macro   0x000000000001041e     0x348d ./Core/Src/main.o
 .debug_macro   0x00000000000138ab      0x174 ./Core/Src/main.o
 .debug_macro   0x0000000000013a1f       0x5c ./Core/Src/main.o
 .debug_macro   0x0000000000013a7b      0x5bc ./Core/Src/main.o
 .debug_macro   0x0000000000014037      0x289 ./Core/Src/main.o
 .debug_macro   0x00000000000142c0      0x1cb ./Core/Src/main.o
 .debug_macro   0x000000000001448b      0x114 ./Core/Src/main.o
 .debug_macro   0x000000000001459f      0x1b2 ./Core/Src/main.o
 .debug_macro   0x0000000000014751       0x27 ./Core/Src/main.o
 .debug_macro   0x0000000000014778      0x136 ./Core/Src/main.o
 .debug_macro   0x00000000000148ae      0x1bc ./Core/Src/main.o
 .debug_macro   0x0000000000014a6a       0x34 ./Core/Src/main.o
 .debug_macro   0x0000000000014a9e       0x3c ./Core/Src/main.o
 .debug_macro   0x0000000000014ada       0x57 ./Core/Src/main.o
 .debug_macro   0x0000000000014b31      0x46a ./Core/Src/main.o
 .debug_macro   0x0000000000014f9b      0x1b5 ./Core/Src/main.o
 .debug_macro   0x0000000000015150       0x87 ./Core/Src/main.o
 .debug_macro   0x00000000000151d7      0x240 ./Core/Src/main.o
 .debug_macro   0x0000000000015417      0x287 ./Core/Src/main.o
 .debug_macro   0x000000000001569e      0x140 ./Core/Src/main.o
 .debug_macro   0x00000000000157de       0xab ./Core/Src/main.o
 .debug_macro   0x0000000000015889      0x242 ./Core/Src/main.o
 .debug_macro   0x0000000000015acb       0x83 ./Core/Src/main.o
 .debug_macro   0x0000000000015b4e       0x10 ./Core/Src/main.o
 .debug_macro   0x0000000000015b5e       0x61 ./Core/Src/main.o
 .debug_macro   0x0000000000015bbf       0x24 ./Core/Src/main.o
 .debug_macro   0x0000000000015be3       0x43 ./Core/Src/main.o
 .debug_macro   0x0000000000015c26       0x34 ./Core/Src/main.o
 .debug_macro   0x0000000000015c5a       0x16 ./Core/Src/main.o
 .debug_macro   0x0000000000015c70       0x35 ./Core/Src/main.o
 .debug_macro   0x0000000000015ca5      0x369 ./Core/Src/main.o
 .debug_macro   0x000000000001600e       0x10 ./Core/Src/main.o
 .debug_macro   0x000000000001601e       0x16 ./Core/Src/main.o
 .debug_macro   0x0000000000016034       0x43 ./Core/Src/main.o
 .debug_macro   0x0000000000016077       0x34 ./Core/Src/main.o
 .debug_macro   0x00000000000160ab       0x10 ./Core/Src/main.o
 .debug_macro   0x00000000000160bb       0x58 ./Core/Src/main.o
 .debug_macro   0x0000000000016113       0x8e ./Core/Src/main.o
 .debug_macro   0x00000000000161a1       0x1c ./Core/Src/main.o
 .debug_macro   0x00000000000161bd      0x177 ./Core/Src/main.o
 .debug_macro   0x0000000000016334       0x16 ./Core/Src/main.o
 .debug_macro   0x000000000001634a       0x16 ./Core/Src/main.o
 .debug_macro   0x0000000000016360      0x147 ./Core/Src/main.o
 .debug_macro   0x00000000000164a7       0x16 ./Core/Src/main.o
 .debug_macro   0x00000000000164bd       0x16 ./Core/Src/main.o
 .debug_macro   0x00000000000164d3       0x29 ./Core/Src/main.o
 .debug_macro   0x00000000000164fc       0x16 ./Core/Src/main.o
 .debug_macro   0x0000000000016512       0x20 ./Core/Src/main.o
 .debug_macro   0x0000000000016532       0x5f ./Core/Src/main.o
 .debug_macro   0x0000000000016591      0x1c8 ./Core/Src/main.o
 .debug_macro   0x0000000000016759       0x8f ./Core/Src/main.o
 .debug_macro   0x00000000000167e8       0x10 ./Core/Src/main.o
 .debug_macro   0x00000000000167f8      0x1d5 ./Core/Src/stm32f1xx_hal_msp.o
 .debug_macro   0x00000000000169cd      0x1df ./Core/Src/stm32f1xx_it.o
 .debug_macro   0x0000000000016bac      0x1c6 ./Core/Src/system_stm32f1xx.o
 .debug_macro   0x0000000000016d72      0x1ea ./Drivers/STM32F1xx_HAL_Driver/Src/stm32f1xx_hal.o
 .debug_macro   0x0000000000016f5c      0x1e3 ./Drivers/STM32F1xx_HAL_Driver/Src/stm32f1xx_hal_adc.o
 .debug_macro   0x000000000001713f      0x1c6 ./Drivers/STM32F1xx_HAL_Driver/Src/stm32f1xx_hal_cortex.o
 .debug_macro   0x0000000000017305      0x1c6 ./Drivers/STM32F1xx_HAL_Driver/Src/stm32f1xx_hal_dma.o
 .debug_macro   0x00000000000174cb      0x231 ./Drivers/STM32F1xx_HAL_Driver/Src/stm32f1xx_hal_gpio.o
 .debug_macro   0x00000000000176fc      0x214 ./Drivers/STM32F1xx_HAL_Driver/Src/stm32f1xx_hal_i2c.o
 .debug_macro   0x0000000000017910      0x1d2 ./Drivers/STM32F1xx_HAL_Driver/Src/stm32f1xx_hal_pcd.o
 .debug_macro   0x0000000000017ae2      0x1c6 ./Drivers/STM32F1xx_HAL_Driver/Src/stm32f1xx_hal_pcd_ex.o
 .debug_macro   0x0000000000017ca8      0x1d8 ./Drivers/STM32F1xx_HAL_Driver/Src/stm32f1xx_hal_rcc.o
 .debug_macro   0x0000000000017e80      0x1c6 ./Drivers/STM32F1xx_HAL_Driver/Src/stm32f1xx_hal_rcc_ex.o
 .debug_macro   0x0000000000018046      0x1c6 ./Drivers/STM32F1xx_HAL_Driver/Src/stm32f1xx_ll_usb.o
 .debug_macro   0x000000000001820c      0x364 ./Middlewares/ST/STM32_USB_Device_Library/Class/CDC/Src/usbd_cdc.o
 .debug_macro   0x0000000000018570       0x97 ./Middlewares/ST/STM32_USB_Device_Library/Class/CDC/Src/usbd_cdc.o
 .debug_macro   0x0000000000018607       0xfd ./Middlewares/ST/STM32_USB_Device_Library/Class/CDC/Src/usbd_cdc.o
 .debug_macro   0x0000000000018704       0x56 ./Middlewares/ST/STM32_USB_Device_Library/Class/CDC/Src/usbd_cdc.o
 .debug_macro   0x000000000001875a      0x34b ./Middlewares/ST/STM32_USB_Device_Library/Core/Src/usbd_core.o
 .debug_macro   0x0000000000018aa5      0x1ce ./Middlewares/ST/STM32_USB_Device_Library/Core/Src/usbd_core.o
 .debug_macro   0x0000000000018c73      0x355 ./Middlewares/ST/STM32_USB_Device_Library/Core/Src/usbd_ctlreq.o
 .debug_macro   0x0000000000018fc8      0x351 ./Middlewares/ST/STM32_USB_Device_Library/Core/Src/usbd_ioreq.o
 .debug_macro   0x0000000000019319      0x384 ./USB_DEVICE/App/usb_device.o
 .debug_macro   0x000000000001969d       0x16 ./USB_DEVICE/App/usb_device.o
 .debug_macro   0x00000000000196b3       0x22 ./USB_DEVICE/App/usb_device.o
 .debug_macro   0x00000000000196d5       0x16 ./USB_DEVICE/App/usb_device.o
 .debug_macro   0x00000000000196eb      0x36f ./USB_DEVICE/App/usbd_cdc_if.o
 .debug_macro   0x0000000000019a5a      0x388 ./USB_DEVICE/App/usbd_desc.o
 .debug_macro   0x0000000000019de2       0x1c ./USB_DEVICE/App/usbd_desc.o
 .debug_macro   0x0000000000019dfe      0x368 ./USB_DEVICE/Target/usbd_conf.o

.debug_line     0x0000000000000000    0x14c9d
 .debug_line    0x0000000000000000      0xdb1 ./Core/Src/main.o
 .debug_line    0x0000000000000db1      0x7f1 ./Core/Src/stm32f1xx_hal_msp.o
 .debug_line    0x00000000000015a2      0x821 ./Core/Src/stm32f1xx_it.o
 .debug_line    0x0000000000001dc3      0x7ad ./Core/Src/system_stm32f1xx.o
 .debug_line    0x0000000000002570       0x78 ./Core/Startup/startup_stm32f103c8tx.o
 .debug_line    0x00000000000025e8      0x9da ./Drivers/STM32F1xx_HAL_Driver/Src/stm32f1xx_hal.o
 .debug_line    0x0000000000002fc2     0x1057 ./Drivers/STM32F1xx_HAL_Driver/Src/stm32f1xx_hal_adc.o
 .debug_line    0x0000000000004019      0xbc2 ./Drivers/STM32F1xx_HAL_Driver/Src/stm32f1xx_hal_cortex.o
 .debug_line    0x0000000000004bdb      0xe33 ./Drivers/STM32F1xx_HAL_Driver/Src/stm32f1xx_hal_dma.o
 .debug_line    0x0000000000005a0e      0xa73 ./Drivers/STM32F1xx_HAL_Driver/Src/stm32f1xx_hal_gpio.o
 .debug_line    0x0000000000006481     0x3b51 ./Drivers/STM32F1xx_HAL_Driver/Src/stm32f1xx_hal_i2c.o
 .debug_line    0x0000000000009fd2     0x1408 ./Drivers/STM32F1xx_HAL_Driver/Src/stm32f1xx_hal_pcd.o
 .debug_line    0x000000000000b3da      0x7a8 ./Drivers/STM32F1xx_HAL_Driver/Src/stm32f1xx_hal_pcd_ex.o
 .debug_line    0x000000000000bb82      0xde3 ./Drivers/STM32F1xx_HAL_Driver/Src/stm32f1xx_hal_rcc.o
 .debug_line    0x000000000000c965      0x91e ./Drivers/STM32F1xx_HAL_Driver/Src/stm32f1xx_hal_rcc_ex.o
 .debug_line    0x000000000000d283     0x108f ./Drivers/STM32F1xx_HAL_Driver/Src/stm32f1xx_ll_usb.o
 .debug_line    0x000000000000e312      0xe1f ./Middlewares/ST/STM32_USB_Device_Library/Class/CDC/Src/usbd_cdc.o
 .debug_line    0x000000000000f131      0xe9b ./Middlewares/ST/STM32_USB_Device_Library/Core/Src/usbd_core.o
 .debug_line    0x000000000000ffcc     0x10d8 ./Middlewares/ST/STM32_USB_Device_Library/Core/Src/usbd_ctlreq.o
 .debug_line    0x00000000000110a4      0xb31 ./Middlewares/ST/STM32_USB_Device_Library/Core/Src/usbd_ioreq.o
 .debug_line    0x0000000000011bd5      0xaf1 ./USB_DEVICE/App/usb_device.o
 .debug_line    0x00000000000126c6      0xb47 ./USB_DEVICE/App/usbd_cdc_if.o
 .debug_line    0x000000000001320d      0xbba ./USB_DEVICE/App/usbd_desc.o
 .debug_line    0x0000000000013dc7      0xed6 ./USB_DEVICE/Target/usbd_conf.o

.debug_str      0x0000000000000000    0x8bf56
 .debug_str     0x0000000000000000    0x88709 ./Core/Src/main.o
                                      0x88be9 (size before relaxing)
 .debug_str     0x0000000000088709       0xcf ./Core/Src/stm32f1xx_hal_msp.o
                                      0x83fb6 (size before relaxing)
 .debug_str     0x00000000000887d8      0x3f9 ./Core/Src/stm32f1xx_it.o
                                      0x83e88 (size before relaxing)
 .debug_str     0x0000000000088bd1       0x7e ./Core/Src/system_stm32f1xx.o
                                      0x838f5 (size before relaxing)
 .debug_str     0x0000000000088c4f       0x34 ./Core/Startup/startup_stm32f103c8tx.o
                                         0x58 (size before relaxing)
 .debug_str     0x0000000000088c83      0x384 ./Drivers/STM32F1xx_HAL_Driver/Src/stm32f1xx_hal.o
                                      0x84028 (size before relaxing)
 .debug_str     0x0000000000089007      0x36c ./Drivers/STM32F1xx_HAL_Driver/Src/stm32f1xx_hal_adc.o
                                      0x83fd9 (size before relaxing)
 .debug_str     0x0000000000089373      0x280 ./Drivers/STM32F1xx_HAL_Driver/Src/stm32f1xx_hal_cortex.o
                                      0x83f74 (size before relaxing)
 .debug_str     0x00000000000895f3      0x1e7 ./Drivers/STM32F1xx_HAL_Driver/Src/stm32f1xx_hal_dma.o
                                      0x83c9e (size before relaxing)
 .debug_str     0x00000000000897da      0x2ce ./Drivers/STM32F1xx_HAL_Driver/Src/stm32f1xx_hal_gpio.o
                                      0x83c7b (size before relaxing)
 .debug_str     0x0000000000089aa8      0xb85 ./Drivers/STM32F1xx_HAL_Driver/Src/stm32f1xx_hal_i2c.o
                                      0x849bc (size before relaxing)
 .debug_str     0x000000000008a62d      0x5bd ./Drivers/STM32F1xx_HAL_Driver/Src/stm32f1xx_hal_pcd.o
                                      0x84207 (size before relaxing)
 .debug_str     0x000000000008abea      0x170 ./Drivers/STM32F1xx_HAL_Driver/Src/stm32f1xx_hal_pcd_ex.o
                                      0x83d69 (size before relaxing)
 .debug_str     0x000000000008ad5a      0x209 ./Drivers/STM32F1xx_HAL_Driver/Src/stm32f1xx_hal_rcc.o
                                      0x83d24 (size before relaxing)
 .debug_str     0x000000000008af63       0x84 ./Drivers/STM32F1xx_HAL_Driver/Src/stm32f1xx_hal_rcc_ex.o
                                      0x83a74 (size before relaxing)
 .debug_str     0x000000000008afe7      0x129 ./Drivers/STM32F1xx_HAL_Driver/Src/stm32f1xx_ll_usb.o
                                      0x83dbb (size before relaxing)
 .debug_str     0x000000000008b110      0x645 ./Middlewares/ST/STM32_USB_Device_Library/Class/CDC/Src/usbd_cdc.o
                                      0x88811 (size before relaxing)
 .debug_str     0x000000000008b755      0x281 ./Middlewares/ST/STM32_USB_Device_Library/Core/Src/usbd_core.o
                                      0x8814c (size before relaxing)
 .debug_str     0x000000000008b9d6      0x120 ./Middlewares/ST/STM32_USB_Device_Library/Core/Src/usbd_ctlreq.o
                                      0x88066 (size before relaxing)
 .debug_str     0x000000000008baf6       0x51 ./Middlewares/ST/STM32_USB_Device_Library/Core/Src/usbd_ioreq.o
                                      0x87f93 (size before relaxing)
 .debug_str     0x000000000008bb47       0xc6 ./USB_DEVICE/App/usb_device.o
                                      0x8831e (size before relaxing)
 .debug_str     0x000000000008bc0d       0x84 ./USB_DEVICE/App/usbd_cdc_if.o
                                      0x88373 (size before relaxing)
 .debug_str     0x000000000008bc91      0x258 ./USB_DEVICE/App/usbd_desc.o
                                      0x87ecf (size before relaxing)
 .debug_str     0x000000000008bee9       0x6d ./USB_DEVICE/Target/usbd_conf.o
                                      0x88d9e (size before relaxing)

.debug_frame    0x0000000000000000     0x3c70
 .debug_frame   0x0000000000000000      0x184 ./Core/Src/main.o
 .debug_frame   0x0000000000000184       0xc8 ./Core/Src/stm32f1xx_hal_msp.o
 .debug_frame   0x000000000000024c      0x13c ./Core/Src/stm32f1xx_it.o
 .debug_frame   0x0000000000000388       0x58 ./Core/Src/system_stm32f1xx.o
 .debug_frame   0x00000000000003e0      0x334 ./Drivers/STM32F1xx_HAL_Driver/Src/stm32f1xx_hal.o
 .debug_frame   0x0000000000000714      0x40c ./Drivers/STM32F1xx_HAL_Driver/Src/stm32f1xx_hal_adc.o
 .debug_frame   0x0000000000000b20      0x428 ./Drivers/STM32F1xx_HAL_Driver/Src/stm32f1xx_hal_cortex.o
 .debug_frame   0x0000000000000f48      0x208 ./Drivers/STM32F1xx_HAL_Driver/Src/stm32f1xx_hal_dma.o
 .debug_frame   0x0000000000001150      0x14c ./Drivers/STM32F1xx_HAL_Driver/Src/stm32f1xx_hal_gpio.o
 .debug_frame   0x000000000000129c      0xc84 ./Drivers/STM32F1xx_HAL_Driver/Src/stm32f1xx_hal_i2c.o
 .debug_frame   0x0000000000001f20      0x59c ./Drivers/STM32F1xx_HAL_Driver/Src/stm32f1xx_hal_pcd.o
 .debug_frame   0x00000000000024bc       0xb0 ./Drivers/STM32F1xx_HAL_Driver/Src/stm32f1xx_hal_pcd_ex.o
 .debug_frame   0x000000000000256c      0x218 ./Drivers/STM32F1xx_HAL_Driver/Src/stm32f1xx_hal_rcc.o
 .debug_frame   0x0000000000002784       0x80 ./Drivers/STM32F1xx_HAL_Driver/Src/stm32f1xx_hal_rcc_ex.o
 .debug_frame   0x0000000000002804      0x478 ./Drivers/STM32F1xx_HAL_Driver/Src/stm32f1xx_ll_usb.o
 .debug_frame   0x0000000000002c7c      0x248 ./Middlewares/ST/STM32_USB_Device_Library/Class/CDC/Src/usbd_cdc.o
 .debug_frame   0x0000000000002ec4      0x300 ./Middlewares/ST/STM32_USB_Device_Library/Core/Src/usbd_core.o
 .debug_frame   0x00000000000031c4      0x218 ./Middlewares/ST/STM32_USB_Device_Library/Core/Src/usbd_ctlreq.o
 .debug_frame   0x00000000000033dc      0x10c ./Middlewares/ST/STM32_USB_Device_Library/Core/Src/usbd_ioreq.o
 .debug_frame   0x00000000000034e8       0x2c ./USB_DEVICE/App/usb_device.o
 .debug_frame   0x0000000000003514       0xbc ./USB_DEVICE/App/usbd_cdc_if.o
 .debug_frame   0x00000000000035d0      0x160 ./USB_DEVICE/App/usbd_desc.o
 .debug_frame   0x0000000000003730      0x4a4 ./USB_DEVICE/Target/usbd_conf.o
 .debug_frame   0x0000000000003bd4       0x20 E:/Programas/STM32CubeIDE_1.13.1/STM32CubeIDE/plugins/com.st.stm32cube.ide.mcu.externaltools.gnu-tools-for-stm32.11.3.rel1.win32_1.1.0.202305231506/tools/bin/../lib/gcc/arm-none-eabi/11.3.1/../../../../arm-none-eabi/lib/thumb/v7-m/nofp\libc_nano.a(libc_a-memset.o)
 .debug_frame   0x0000000000003bf4       0x28 E:/Programas/STM32CubeIDE_1.13.1/STM32CubeIDE/plugins/com.st.stm32cube.ide.mcu.externaltools.gnu-tools-for-stm32.11.3.rel1.win32_1.1.0.202305231506/tools/bin/../lib/gcc/arm-none-eabi/11.3.1/../../../../arm-none-eabi/lib/thumb/v7-m/nofp\libc_nano.a(libc_a-strncmp.o)
 .debug_frame   0x0000000000003c1c       0x2c E:/Programas/STM32CubeIDE_1.13.1/STM32CubeIDE/plugins/com.st.stm32cube.ide.mcu.externaltools.gnu-tools-for-stm32.11.3.rel1.win32_1.1.0.202305231506/tools/bin/../lib/gcc/arm-none-eabi/11.3.1/../../../../arm-none-eabi/lib/thumb/v7-m/nofp\libc_nano.a(libc_a-init.o)
 .debug_frame   0x0000000000003c48       0x28 E:/Programas/STM32CubeIDE_1.13.1/STM32CubeIDE/plugins/com.st.stm32cube.ide.mcu.externaltools.gnu-tools-for-stm32.11.3.rel1.win32_1.1.0.202305231506/tools/bin/../lib/gcc/arm-none-eabi/11.3.1/../../../../arm-none-eabi/lib/thumb/v7-m/nofp\libc_nano.a(libc_a-memcpy-stub.o)

.debug_line_str
                0x0000000000000000       0x4c
 .debug_line_str
                0x0000000000000000       0x4c ./Core/Startup/startup_stm32f103c8tx.o
                                         0x64 (size before relaxing)